2022-11-22 21:57:22.399 | DEBUG    | my_cart.core.cart:__init__:17 - products:()
2022-11-22 21:57:22.399 | DEBUG    | my_cart.core.cart:__init__:18 - expense_calculators: None
2022-11-22 21:57:22.399 | DEBUG    | my_cart.core.cart:__init__:19 - discount_calculators: None
2022-11-22 22:02:42.855 | DEBUG    | my_cart.core.cart:__init__:17 - products:()
2022-11-22 22:02:42.855 | DEBUG    | my_cart.core.cart:__init__:18 - expense_calculators: None
2022-11-22 22:02:42.855 | DEBUG    | my_cart.core.cart:__init__:19 - discount_calculators: None
2022-11-22 22:02:42.856 | ERROR    | my_cart.core.cart:add_cart:96 - Products is Null, the process can not move forward
2022-11-22 22:11:20.905 | DEBUG    | my_cart.core.cart:__init__:17 - products:()
2022-11-22 22:11:20.905 | DEBUG    | my_cart.core.cart:__init__:18 - expense_calculators: None
2022-11-22 22:11:20.905 | DEBUG    | my_cart.core.cart:__init__:19 - discount_calculators: None
2022-11-22 22:11:20.906 | ERROR    | my_cart.core.cart:add_cart:96 - Products is Null, the process can not move forward
2022-11-22 22:11:24.607 | DEBUG    | my_cart.core.cart:__init__:17 - products:()
2022-11-22 22:11:24.607 | DEBUG    | my_cart.core.cart:__init__:18 - expense_calculators: None
2022-11-22 22:11:24.607 | DEBUG    | my_cart.core.cart:__init__:19 - discount_calculators: None
2022-11-22 22:11:24.608 | ERROR    | my_cart.core.cart:add_cart:96 - Products is Null, the process can not move forward
2022-11-22 22:11:29.917 | DEBUG    | my_cart.core.cart:__init__:17 - products:()
2022-11-22 22:11:29.917 | DEBUG    | my_cart.core.cart:__init__:18 - expense_calculators: None
2022-11-22 22:11:29.917 | DEBUG    | my_cart.core.cart:__init__:19 - discount_calculators: None
2022-11-22 22:11:29.917 | ERROR    | my_cart.core.cart:add_cart:96 - Products is Null, the process can not move forward
2022-11-22 22:32:04.049 | DEBUG    | my_cart.core.cart:__init__:17 - products:()
2022-11-22 22:32:04.050 | DEBUG    | my_cart.core.cart:__init__:18 - expense_calculators: None
2022-11-22 22:32:04.050 | DEBUG    | my_cart.core.cart:__init__:19 - discount_calculators: None
2022-11-22 22:32:04.050 | ERROR    | my_cart.core.cart:add_cart:96 - Products is Null, the process can not move forward
2022-11-22 22:32:23.137 | DEBUG    | my_cart.core.cart:__init__:17 - products:('T-shirt',)
2022-11-22 22:32:23.137 | DEBUG    | my_cart.core.cart:__init__:18 - expense_calculators: None
2022-11-22 22:32:23.137 | DEBUG    | my_cart.core.cart:__init__:19 - discount_calculators: None
2022-11-22 22:32:23.140 | DEBUG    | my_cart.core.cart:__init__:33 - [<my_cart.core.calculator.Subtotal object at 0x7fb7487a37f0>, <my_cart.core.calculator.Shipping object at 0x7fb748592d30>, <my_cart.core.calculator.VAT object at 0x7fb7491dc908>]
2022-11-22 22:32:23.140 | DEBUG    | my_cart.core.cart:__init__:34 - [<my_cart.core.calculator.ShoesDiscount object at 0x7fb7491dcda0>, <my_cart.core.calculator.JacketDiscount object at 0x7fb7491dc978>, <my_cart.core.calculator.ShippingDiscount object at 0x7fb7491dce10>]
2022-11-22 22:32:46.130 | DEBUG    | my_cart.core.cart:__init__:17 - products:('T-shirt',)
2022-11-22 22:32:46.130 | DEBUG    | my_cart.core.cart:__init__:18 - expense_calculators: None
2022-11-22 22:32:46.130 | DEBUG    | my_cart.core.cart:__init__:19 - discount_calculators: None
2022-11-22 22:32:46.131 | DEBUG    | my_cart.core.cart:__init__:33 - [<my_cart.core.calculator.Subtotal object at 0x7f9eb5fa37f0>, <my_cart.core.calculator.Shipping object at 0x7f9eb5d92f28>, <my_cart.core.calculator.VAT object at 0x7f9eb7adc9b0>]
2022-11-22 22:32:46.131 | DEBUG    | my_cart.core.cart:__init__:34 - [<my_cart.core.calculator.ShoesDiscount object at 0x7f9eb7adcd30>, <my_cart.core.calculator.JacketDiscount object at 0x7f9eb7adca20>, <my_cart.core.calculator.ShippingDiscount object at 0x7f9eb7adce10>]
2022-11-22 22:32:55.623 | DEBUG    | my_cart.core.cart:__init__:17 - products:('T-shirt',)
2022-11-22 22:32:55.623 | DEBUG    | my_cart.core.cart:__init__:18 - expense_calculators: None
2022-11-22 22:32:55.623 | DEBUG    | my_cart.core.cart:__init__:19 - discount_calculators: None
2022-11-22 22:32:55.623 | DEBUG    | my_cart.core.cart:__init__:33 - [<my_cart.core.calculator.Subtotal object at 0x7fda8b6a3710>, <my_cart.core.calculator.Shipping object at 0x7fda8b016c18>, <my_cart.core.calculator.VAT object at 0x7fda8b492f28>]
2022-11-22 22:32:55.624 | DEBUG    | my_cart.core.cart:__init__:34 - [<my_cart.core.calculator.ShoesDiscount object at 0x7fda8c9db908>, <my_cart.core.calculator.JacketDiscount object at 0x7fda8c9dbd30>, <my_cart.core.calculator.ShippingDiscount object at 0x7fda8c9dba58>]
2022-11-22 22:33:33.086 | DEBUG    | my_cart.core.cart:__init__:17 - products:('fdf',)
2022-11-22 22:33:33.086 | DEBUG    | my_cart.core.cart:__init__:18 - expense_calculators: None
2022-11-22 22:33:33.086 | DEBUG    | my_cart.core.cart:__init__:19 - discount_calculators: None
2022-11-22 22:33:33.086 | ERROR    | my_cart.core.cart:add_cart:96 - fdf not in ['T-shirt', 'Blouse', 'Pants', 'Sweatpants', 'Jacket', 'Shoes'] range
2022-11-22 22:38:29.394 | DEBUG    | my_cart.core.cart:__init__:17 - products:('fdf',)
2022-11-22 22:38:29.395 | DEBUG    | my_cart.core.cart:__init__:18 - expense_calculators: None
2022-11-22 22:38:29.395 | DEBUG    | my_cart.core.cart:__init__:19 - discount_calculators: None
2022-11-22 22:38:29.395 | ERROR    | my_cart.core.cart:add_cart:96 - product fdf not in ['T-shirt', 'Blouse', 'Pants', 'Sweatpants', 'Jacket', 'Shoes'] range
2022-11-22 22:38:40.085 | DEBUG    | my_cart.core.cart:__init__:17 - products:('fdf',)
2022-11-22 22:38:40.085 | DEBUG    | my_cart.core.cart:__init__:18 - expense_calculators: None
2022-11-22 22:38:40.085 | DEBUG    | my_cart.core.cart:__init__:19 - discount_calculators: None
2022-11-22 22:38:40.085 | ERROR    | my_cart.core.cart:add_cart:96 - product 'fdf' not in ['T-shirt', 'Blouse', 'Pants', 'Sweatpants', 'Jacket', 'Shoes'] range
2022-11-22 22:38:48.589 | DEBUG    | my_cart.core.cart:__init__:17 - products:('fdf',)
2022-11-22 22:38:48.589 | DEBUG    | my_cart.core.cart:__init__:18 - expense_calculators: None
2022-11-22 22:38:48.589 | DEBUG    | my_cart.core.cart:__init__:19 - discount_calculators: None
2022-11-22 22:38:48.589 | ERROR    | my_cart.core.cart:add_cart:96 - Product 'fdf' not in ['T-shirt', 'Blouse', 'Pants', 'Sweatpants', 'Jacket', 'Shoes'] range
2022-11-22 22:39:42.800 | DEBUG    | my_cart.core.cart:__init__:17 - products:('a',)
2022-11-22 22:39:42.800 | DEBUG    | my_cart.core.cart:__init__:18 - expense_calculators: None
2022-11-22 22:39:42.800 | DEBUG    | my_cart.core.cart:__init__:19 - discount_calculators: None
2022-11-22 22:39:42.800 | ERROR    | my_cart.core.cart:add_cart:96 - Product 'a' not in ['T-shirt', 'Blouse', 'Pants', 'Sweatpants', 'Jacket', 'Shoes'] range
2022-11-22 22:44:26.524 | DEBUG    | my_cart.core.cart:__init__:17 - products:('a',)
2022-11-22 22:44:26.524 | DEBUG    | my_cart.core.cart:__init__:18 - expense_calculators: None
2022-11-22 22:44:26.524 | DEBUG    | my_cart.core.cart:__init__:19 - discount_calculators: None
2022-11-22 22:44:26.524 | ERROR    | my_cart.core.cart:add_cart:97 - Product 'a' not in ['T-shirt', 'Blouse', 'Pants', 'Sweatpants', 'Jacket', 'Shoes'] range
2022-11-22 22:45:17.075 | DEBUG    | my_cart.core.cart:__init__:17 - products:('a',)
2022-11-22 22:45:17.075 | DEBUG    | my_cart.core.cart:__init__:18 - expense_calculators: None
2022-11-22 22:45:17.075 | DEBUG    | my_cart.core.cart:__init__:19 - discount_calculators: None
2022-11-22 22:45:17.075 | ERROR    | my_cart.core.cart:add_cart:97 - Product 'a' not in ['T-shirt', 'Blouse', 'Pants', 'Sweatpants', 'Jacket', 'Shoes'] range
2022-11-22 22:45:20.795 | DEBUG    | my_cart.core.cart:__init__:17 - products:('a',)
2022-11-22 22:45:20.796 | DEBUG    | my_cart.core.cart:__init__:18 - expense_calculators: None
2022-11-22 22:45:20.796 | DEBUG    | my_cart.core.cart:__init__:19 - discount_calculators: None
2022-11-22 22:45:20.796 | ERROR    | my_cart.core.cart:add_cart:97 - Product 'a' not in ['T-shirt', 'Blouse', 'Pants', 'Sweatpants', 'Jacket', 'Shoes'] range
2022-11-22 22:45:26.605 | DEBUG    | my_cart.core.cart:__init__:17 - products:('a',)
2022-11-22 22:45:26.605 | DEBUG    | my_cart.core.cart:__init__:18 - expense_calculators: None
2022-11-22 22:45:26.605 | DEBUG    | my_cart.core.cart:__init__:19 - discount_calculators: None
2022-11-22 22:45:26.606 | ERROR    | my_cart.core.cart:add_cart:97 - Product 'a' not in ['T-shirt', 'Blouse', 'Pants', 'Sweatpants', 'Jacket', 'Shoes'] range
2022-11-22 22:45:40.496 | DEBUG    | my_cart.core.cart:__init__:17 - products:('a',)
2022-11-22 22:45:40.496 | DEBUG    | my_cart.core.cart:__init__:18 - expense_calculators: None
2022-11-22 22:45:40.496 | DEBUG    | my_cart.core.cart:__init__:19 - discount_calculators: None
2022-11-22 22:45:40.497 | ERROR    | my_cart.core.cart:add_cart:97 - Product 'a' not in ['T-shirt', 'Blouse', 'Pants', 'Sweatpants', 'Jacket', 'Shoes'] range
2022-11-23 00:04:29.289 | DEBUG    | my_cart.core.cart:__init__:19 - products:('T-shirt',)
2022-11-23 00:04:29.289 | DEBUG    | my_cart.core.cart:__init__:20 - expense_calculators: None
2022-11-23 00:04:29.289 | DEBUG    | my_cart.core.cart:__init__:21 - discount_calculators: None
2022-11-23 00:04:29.289 | ERROR    | my_cart.core.cart:add_cart:94 - [Errno 2] No such file or directory: '/Users/cyouzhang/Project/Python/my_cart/venv/lib/python3.7/site-packages/my_cart/core/resources/data.json'
2022-11-23 00:05:01.155 | DEBUG    | my_cart.core.cart:__init__:19 - products:('T-shirt',)
2022-11-23 00:05:01.156 | DEBUG    | my_cart.core.cart:__init__:20 - expense_calculators: None
2022-11-23 00:05:01.156 | DEBUG    | my_cart.core.cart:__init__:21 - discount_calculators: None
2022-11-23 00:05:01.156 | DEBUG    | my_cart.core.cart:__init__:35 - [<my_cart.core.calculator.Subtotal object at 0x7fbd59c6f978>, <my_cart.core.calculator.Shipping object at 0x7fbd59c6fc18>, <my_cart.core.calculator.VAT object at 0x7fbd59c6f828>]
2022-11-23 00:05:01.157 | DEBUG    | my_cart.core.cart:__init__:36 - [<my_cart.core.calculator.ShoesDiscount object at 0x7fbd59c6fc88>, <my_cart.core.calculator.JacketDiscount object at 0x7fbd59c6fcc0>, <my_cart.core.calculator.ShippingDiscount object at 0x7fbd59c6fcf8>]
2022-11-23 00:16:53.887 | DEBUG    | my_cart.core.cart:__init__:19 - products:('T-shirt', 'Blouse', 'Pants', 'Shoes', 'Jacket')
2022-11-23 00:16:53.887 | DEBUG    | my_cart.core.cart:__init__:20 - expense_calculators: None
2022-11-23 00:16:53.887 | DEBUG    | my_cart.core.cart:__init__:21 - discount_calculators: None
2022-11-23 00:16:53.888 | DEBUG    | my_cart.core.cart:__init__:35 - [<my_cart.core.calculator.Subtotal object at 0x7fbfd1f8bba8>, <my_cart.core.calculator.Shipping object at 0x7fbfd3af01d0>, <my_cart.core.calculator.VAT object at 0x7fbfd3c9c828>]
2022-11-23 00:16:53.888 | DEBUG    | my_cart.core.cart:__init__:36 - [<my_cart.core.calculator.ShoesDiscount object at 0x7fbfd3c9c908>, <my_cart.core.calculator.JacketDiscount object at 0x7fbfd3c9ce10>, <my_cart.core.calculator.ShippingDiscount object at 0x7fbfd3c9ce80>]
2022-11-23 00:20:45.638 | DEBUG    | my_cart.core.cart:__init__:19 - products:('T-shirt', 'Blouse', 'Pants', 'Shoes', 'Jacket')
2022-11-23 00:20:45.638 | DEBUG    | my_cart.core.cart:__init__:20 - expense_calculators: None
2022-11-23 00:20:45.639 | DEBUG    | my_cart.core.cart:__init__:21 - discount_calculators: None
2022-11-23 00:20:45.639 | DEBUG    | my_cart.core.cart:__init__:35 - [<my_cart.core.calculator.Subtotal object at 0x7fefe985ee48>, <my_cart.core.calculator.Shipping object at 0x7fefe985ed68>, <my_cart.core.calculator.VAT object at 0x7fefe985edd8>]
2022-11-23 00:20:45.639 | DEBUG    | my_cart.core.cart:__init__:36 - [<my_cart.core.calculator.ShoesDiscount object at 0x7fefe985ee10>, <my_cart.core.calculator.JacketDiscount object at 0x7fefe986f550>, <my_cart.core.calculator.ShippingDiscount object at 0x7fefe986f358>]
2022-11-23 00:23:41.010 | DEBUG    | my_cart.core.cart:__init__:19 - products:['T-shirt']
2022-11-23 00:23:41.010 | DEBUG    | my_cart.core.cart:__init__:20 - expense_calculators: None
2022-11-23 00:23:41.011 | DEBUG    | my_cart.core.cart:__init__:21 - discount_calculators: None
2022-11-23 00:23:41.011 | DEBUG    | my_cart.core.cart:__init__:35 - [<my_cart.core.calculator.Subtotal object at 0x7fb214120e10>, <my_cart.core.calculator.Shipping object at 0x7fb214120fd0>, <my_cart.core.calculator.VAT object at 0x7fb214120e48>]
2022-11-23 00:23:41.012 | DEBUG    | my_cart.core.cart:__init__:36 - [<my_cart.core.calculator.ShoesDiscount object at 0x7fb214120eb8>, <my_cart.core.calculator.JacketDiscount object at 0x7fb214120dd8>, <my_cart.core.calculator.ShippingDiscount object at 0x7fb214120ef0>]
2022-11-23 00:23:41.012 | DEBUG    | my_cart.core.cart:__init__:19 - products:['T-shirt']
2022-11-23 00:23:41.012 | DEBUG    | my_cart.core.cart:__init__:20 - expense_calculators: None
2022-11-23 00:23:41.012 | DEBUG    | my_cart.core.cart:__init__:21 - discount_calculators: ['a']
2022-11-23 00:23:41.012 | ERROR    | my_cart.core.cart:__init_calculator:65 - module 'my_cart.core.calculator' has no attribute 'a'
2022-11-23 00:23:41.013 | DEBUG    | my_cart.core.cart:__init__:19 - products:['T-shirt']
2022-11-23 00:23:41.013 | DEBUG    | my_cart.core.cart:__init__:20 - expense_calculators: ['a']
2022-11-23 00:23:41.013 | DEBUG    | my_cart.core.cart:__init__:21 - discount_calculators: None
2022-11-23 00:23:41.013 | ERROR    | my_cart.core.cart:__init_calculator:65 - module 'my_cart.core.calculator' has no attribute 'a'
2022-11-23 00:23:41.014 | DEBUG    | my_cart.core.cart:__init__:19 - products:['T-shirt', 'K']
2022-11-23 00:23:41.014 | DEBUG    | my_cart.core.cart:__init__:20 - expense_calculators: None
2022-11-23 00:23:41.014 | DEBUG    | my_cart.core.cart:__init__:21 - discount_calculators: None
2022-11-23 00:23:41.014 | DEBUG    | my_cart.core.cart:__init__:19 - products:None
2022-11-23 00:23:41.014 | DEBUG    | my_cart.core.cart:__init__:20 - expense_calculators: None
2022-11-23 00:23:41.014 | DEBUG    | my_cart.core.cart:__init__:21 - discount_calculators: None
2022-11-23 00:23:41.015 | DEBUG    | my_cart.core.cart:__init__:19 - products:[]
2022-11-23 00:23:41.015 | DEBUG    | my_cart.core.cart:__init__:20 - expense_calculators: None
2022-11-23 00:23:41.015 | DEBUG    | my_cart.core.cart:__init__:21 - discount_calculators: None
2022-11-23 00:26:15.759 | DEBUG    | my_cart.core.cart:__init__:19 - products:['T-shirt']
2022-11-23 00:26:15.759 | DEBUG    | my_cart.core.cart:__init__:20 - expense_calculators: None
2022-11-23 00:26:15.760 | DEBUG    | my_cart.core.cart:__init__:21 - discount_calculators: None
2022-11-23 00:26:15.760 | DEBUG    | my_cart.core.cart:__init__:35 - [<my_cart.core.calculator.Subtotal object at 0x7fc5cb320f60>, <my_cart.core.calculator.Shipping object at 0x7fc5cb320f98>, <my_cart.core.calculator.VAT object at 0x7fc5cb320ef0>]
2022-11-23 00:26:15.761 | DEBUG    | my_cart.core.cart:__init__:36 - [<my_cart.core.calculator.ShoesDiscount object at 0x7fc5cb320fd0>, <my_cart.core.calculator.JacketDiscount object at 0x7fc5c9d15d30>, <my_cart.core.calculator.ShippingDiscount object at 0x7fc5cb336588>]
2022-11-23 00:26:15.761 | DEBUG    | my_cart.core.cart:__init__:19 - products:['T-shirt']
2022-11-23 00:26:15.761 | DEBUG    | my_cart.core.cart:__init__:20 - expense_calculators: None
2022-11-23 00:26:15.761 | DEBUG    | my_cart.core.cart:__init__:21 - discount_calculators: ['a']
2022-11-23 00:26:15.762 | ERROR    | my_cart.core.cart:__init_calculator:65 - module 'my_cart.core.calculator' has no attribute 'a'
2022-11-23 00:26:15.762 | DEBUG    | my_cart.core.cart:__init__:19 - products:['T-shirt']
2022-11-23 00:26:15.762 | DEBUG    | my_cart.core.cart:__init__:20 - expense_calculators: ['a']
2022-11-23 00:26:15.762 | DEBUG    | my_cart.core.cart:__init__:21 - discount_calculators: None
2022-11-23 00:26:15.762 | ERROR    | my_cart.core.cart:__init_calculator:65 - module 'my_cart.core.calculator' has no attribute 'a'
2022-11-23 00:26:15.763 | DEBUG    | my_cart.core.cart:__init__:19 - products:['T-shirt', 'K']
2022-11-23 00:26:15.763 | DEBUG    | my_cart.core.cart:__init__:20 - expense_calculators: None
2022-11-23 00:26:15.763 | DEBUG    | my_cart.core.cart:__init__:21 - discount_calculators: None
2022-11-23 00:26:15.763 | DEBUG    | my_cart.core.cart:__init__:19 - products:None
2022-11-23 00:26:15.763 | DEBUG    | my_cart.core.cart:__init__:20 - expense_calculators: None
2022-11-23 00:26:15.764 | DEBUG    | my_cart.core.cart:__init__:21 - discount_calculators: None
2022-11-23 00:26:15.764 | DEBUG    | my_cart.core.cart:__init__:19 - products:[]
2022-11-23 00:26:15.764 | DEBUG    | my_cart.core.cart:__init__:20 - expense_calculators: None
2022-11-23 00:26:15.764 | DEBUG    | my_cart.core.cart:__init__:21 - discount_calculators: None
2022-11-23 00:31:29.821 | DEBUG    | my_cart.core.cart:__init__:19 - products:['T-shirt', 'Blouse', 'Pants', 'Sweatpants', 'Jacket', 'Shoes']
2022-11-23 00:31:29.821 | DEBUG    | my_cart.core.cart:__init__:20 - expense_calculators: None
2022-11-23 00:31:29.822 | DEBUG    | my_cart.core.cart:__init__:21 - discount_calculators: None
2022-11-23 00:31:29.822 | DEBUG    | my_cart.core.cart:__init__:35 - [<my_cart.core.calculator.Subtotal object at 0x7fc198b60f98>, <my_cart.core.calculator.Shipping object at 0x7fc198b77668>, <my_cart.core.calculator.VAT object at 0x7fc198b77048>]
2022-11-23 00:31:29.823 | DEBUG    | my_cart.core.cart:__init__:36 - [<my_cart.core.calculator.ShoesDiscount object at 0x7fc198b77470>, <my_cart.core.calculator.JacketDiscount object at 0x7fc198b77518>, <my_cart.core.calculator.ShippingDiscount object at 0x7fc198b775c0>]
2022-11-23 00:31:29.830 | DEBUG    | my_cart.core.cart:__init__:19 - products:['T-shirt']
2022-11-23 00:31:29.830 | DEBUG    | my_cart.core.cart:__init__:20 - expense_calculators: None
2022-11-23 00:31:29.831 | DEBUG    | my_cart.core.cart:__init__:21 - discount_calculators: ['a']
2022-11-23 00:31:29.831 | ERROR    | my_cart.core.cart:__init_calculator:65 - module 'my_cart.core.calculator' has no attribute 'a'
2022-11-23 00:31:29.831 | DEBUG    | my_cart.core.cart:__init__:19 - products:['T-shirt']
2022-11-23 00:31:29.831 | DEBUG    | my_cart.core.cart:__init__:20 - expense_calculators: ['a']
2022-11-23 00:31:29.831 | DEBUG    | my_cart.core.cart:__init__:21 - discount_calculators: None
2022-11-23 00:31:29.832 | ERROR    | my_cart.core.cart:__init_calculator:65 - module 'my_cart.core.calculator' has no attribute 'a'
2022-11-23 00:31:29.832 | DEBUG    | my_cart.core.cart:__init__:19 - products:['T-shirt', 'K']
2022-11-23 00:31:29.832 | DEBUG    | my_cart.core.cart:__init__:20 - expense_calculators: None
2022-11-23 00:31:29.832 | DEBUG    | my_cart.core.cart:__init__:21 - discount_calculators: None
2022-11-23 00:31:29.833 | DEBUG    | my_cart.core.cart:__init__:19 - products:None
2022-11-23 00:31:29.833 | DEBUG    | my_cart.core.cart:__init__:20 - expense_calculators: None
2022-11-23 00:31:29.833 | DEBUG    | my_cart.core.cart:__init__:21 - discount_calculators: None
2022-11-23 00:31:29.833 | DEBUG    | my_cart.core.cart:__init__:19 - products:[]
2022-11-23 00:31:29.833 | DEBUG    | my_cart.core.cart:__init__:20 - expense_calculators: None
2022-11-23 00:31:29.833 | DEBUG    | my_cart.core.cart:__init__:21 - discount_calculators: None
2022-11-23 00:31:29.833 | DEBUG    | my_cart.core.cart:__init__:19 - products:['T-shirt']
2022-11-23 00:31:29.834 | DEBUG    | my_cart.core.cart:__init__:20 - expense_calculators: None
2022-11-23 00:31:29.834 | DEBUG    | my_cart.core.cart:__init__:21 - discount_calculators: None
2022-11-23 00:31:29.834 | DEBUG    | my_cart.core.cart:__init__:35 - [<my_cart.core.calculator.Subtotal object at 0x7fc198b77e48>, <my_cart.core.calculator.Shipping object at 0x7fc198b77240>, <my_cart.core.calculator.VAT object at 0x7fc198b77f28>]
2022-11-23 00:31:29.834 | DEBUG    | my_cart.core.cart:__init__:36 - [<my_cart.core.calculator.ShoesDiscount object at 0x7fc198b77e80>, <my_cart.core.calculator.JacketDiscount object at 0x7fc198b77e10>, <my_cart.core.calculator.ShippingDiscount object at 0x7fc198b77dd8>]
2022-11-23 01:03:03.263 | DEBUG    | my_cart.core.cart:__init__:19 - products:['T-shirt', 'Blouse', 'Pants', 'Sweatpants', 'Jacket', 'Shoes']
2022-11-23 01:03:03.264 | DEBUG    | my_cart.core.cart:__init__:20 - expense_calculators: None
2022-11-23 01:03:03.264 | DEBUG    | my_cart.core.cart:__init__:21 - discount_calculators: None
2022-11-23 01:03:03.265 | DEBUG    | my_cart.core.cart:__init__:35 - [<my_cart.core.calculator.Subtotal object at 0x7fe65da37128>, <my_cart.core.calculator.Shipping object at 0x7fe65da37470>, <my_cart.core.calculator.VAT object at 0x7fe65da37550>]
2022-11-23 01:03:03.265 | DEBUG    | my_cart.core.cart:__init__:36 - [<my_cart.core.calculator.ShoesDiscount object at 0x7fe65da375f8>, <my_cart.core.calculator.JacketDiscount object at 0x7fe65da37630>, <my_cart.core.calculator.ShippingDiscount object at 0x7fe65da37160>]
2022-11-23 01:03:03.273 | DEBUG    | my_cart.core.cart:__init__:19 - products:['aa']
2022-11-23 01:03:03.273 | DEBUG    | my_cart.core.cart:__init__:20 - expense_calculators: None
2022-11-23 01:03:03.273 | DEBUG    | my_cart.core.cart:__init__:21 - discount_calculators: None
2022-11-23 01:03:03.273 | ERROR    | my_cart.core.cart:create_cart:96 - Product 'aa' not in ['T-shirt', 'Blouse', 'Pants', 'Sweatpants', 'Jacket', 'Shoes'] range
2022-11-23 01:03:03.274 | ERROR    | test_cart:test_create_cart_error:38 - An error has been caught in function 'test_create_cart_error', process 'MainProcess' (64773), thread 'MainThread' (4645565952):
Traceback (most recent call last):

  File "/Users/cyouzhang/Project/Python/my_cart/my_cart/core/cart.py", line 56, in __init_products
    return [Product(product, **product_data[product]) for product in products]
            │                  │                                     └ ['aa']
            │                  └ {'T-shirt': {'price': 30.99, 'shipped_from': 'US', 'weight': 0.2}, 'Blouse': {'price': 10.99, 'shipped_from': 'UK', 'weight':...
            └ <class 'my_cart.core.product.Product'>

  File "/Users/cyouzhang/Project/Python/my_cart/my_cart/core/cart.py", line 56, in <listcomp>
    return [Product(product, **product_data[product]) for product in products]
            │       │          │            │             └ 'aa'
            │       │          │            └ 'aa'
            │       │          └ {'T-shirt': {'price': 30.99, 'shipped_from': 'US', 'weight': 0.2}, 'Blouse': {'price': 10.99, 'shipped_from': 'UK', 'weight':...
            │       └ 'aa'
            └ <class 'my_cart.core.product.Product'>

KeyError: 'aa'


During handling of the above exception, another exception occurred:


Traceback (most recent call last):

  File "/Users/cyouzhang/Project/Python/my_cart/my_cart/core/cart.py", line 91, in create_cart
    cart = Cart(products)
           │    └ ['aa']
           └ <class 'my_cart.core.cart.Cart'>

  File "/Users/cyouzhang/Project/Python/my_cart/my_cart/core/cart.py", line 23, in __init__
    self._products = self.__init_products(products)
    │                │                    └ ['aa']
    │                └ <my_cart.core.cart.Cart object at 0x7fe65da37080>
    └ <my_cart.core.cart.Cart object at 0x7fe65da37080>

  File "/Users/cyouzhang/Project/Python/my_cart/my_cart/core/cart.py", line 58, in __init_products
    raise ProductNotSupportError(product=e.args[0])
          └ <class 'my_cart.core.error.ProductNotSupportError'>

my_cart.core.error.ProductNotSupportError: Product 'aa' not in ['T-shirt', 'Blouse', 'Pants', 'Sweatpants', 'Jacket', 'Shoes'] range


During handling of the above exception, another exception occurred:


Traceback (most recent call last):

  File "/Users/cyouzhang/Project/Python/my_cart/venv/bin/coverage", line 10, in <module>
    sys.exit(main())
    │   │    └ <function main at 0x7fe65d31e048>
    │   └ <built-in function exit>
    └ <module 'sys' (built-in)>
  File "/Users/cyouzhang/Project/Python/my_cart/venv/lib/python3.7/site-packages/coverage/cmdline.py", line 943, in main
    status = CoverageScript().command_line(argv)
             │                             └ ['run', '-m', 'unittest', 'discover', 'testcases']
             └ <class 'coverage.cmdline.CoverageScript'>
  File "/Users/cyouzhang/Project/Python/my_cart/venv/lib/python3.7/site-packages/coverage/cmdline.py", line 659, in command_line
    return self.do_run(options, args)
           │    │      │        └ ['python -m unittest', 'discover', 'testcases']
           │    │      └ <Values at 0x7fe65d2c6d30: {'action': 'run', 'append': None, 'branch': None, 'concurrency': None, 'context': None, 'contexts'...
           │    └ <function CoverageScript.do_run at 0x7fe65d30ae18>
           └ <coverage.cmdline.CoverageScript object at 0x7fe65d28f390>
  File "/Users/cyouzhang/Project/Python/my_cart/venv/lib/python3.7/site-packages/coverage/cmdline.py", line 830, in do_run
    runner.run()
    │      └ <function PyRunner.run at 0x7fe65d30a620>
    └ <coverage.execfile.PyRunner object at 0x7fe65d3169b0>
  File "/Users/cyouzhang/Project/Python/my_cart/venv/lib/python3.7/site-packages/coverage/execfile.py", line 199, in run
    exec(code, main_mod.__dict__)
         │     │        └ <member '__dict__' of 'module' objects>
         │     └ <module 'unittest.__main__' from '/Library/Frameworks/Python.framework/Versions/3.7/lib/python3.7/unittest/__main__.py'>
         └ <code object <module> at 0x7fe65d456ed0, file "/Library/Frameworks/Python.framework/Versions/3.7/lib/python3.7/unittest/__mai...
  File "/Library/Frameworks/Python.framework/Versions/3.7/lib/python3.7/unittest/__main__.py", line 18, in <module>
    main(module=None)
    └ <class 'unittest.main.TestProgram'>
  File "/Library/Frameworks/Python.framework/Versions/3.7/lib/python3.7/unittest/main.py", line 101, in __init__
    self.runTests()
    │    └ <function TestProgram.runTests at 0x7fe65d491840>
    └ <unittest.main.TestProgram object at 0x7fe65d387438>
  File "/Library/Frameworks/Python.framework/Versions/3.7/lib/python3.7/unittest/main.py", line 271, in runTests
    self.result = testRunner.run(self.test)
    │             │          │   │    └ <unittest.suite.TestSuite tests=[<unittest.suite.TestSuite tests=[<unittest.suite.TestSuite tests=[None, <test_cart.CartTestC...
    │             │          │   └ <unittest.main.TestProgram object at 0x7fe65d387438>
    │             │          └ <function TextTestRunner.run at 0x7fe65d4910d0>
    │             └ <unittest.runner.TextTestRunner object at 0x7fe65d387358>
    └ <unittest.main.TestProgram object at 0x7fe65d387438>
  File "/Library/Frameworks/Python.framework/Versions/3.7/lib/python3.7/unittest/runner.py", line 176, in run
    test(result)
    │    └ <unittest.runner.TextTestResult run=2 errors=0 failures=0>
    └ <unittest.suite.TestSuite tests=[<unittest.suite.TestSuite tests=[<unittest.suite.TestSuite tests=[None, <test_cart.CartTestC...
  File "/Library/Frameworks/Python.framework/Versions/3.7/lib/python3.7/unittest/suite.py", line 84, in __call__
    return self.run(*args, **kwds)
           │    │    │       └ {}
           │    │    └ (<unittest.runner.TextTestResult run=2 errors=0 failures=0>,)
           │    └ <function TestSuite.run at 0x7fe65d44fb70>
           └ <unittest.suite.TestSuite tests=[<unittest.suite.TestSuite tests=[<unittest.suite.TestSuite tests=[None, <test_cart.CartTestC...
  File "/Library/Frameworks/Python.framework/Versions/3.7/lib/python3.7/unittest/suite.py", line 122, in run
    test(result)
    │    └ <unittest.runner.TextTestResult run=2 errors=0 failures=0>
    └ <unittest.suite.TestSuite tests=[<unittest.suite.TestSuite tests=[None, <test_cart.CartTestCase testMethod=test_create_cart_e...
  File "/Library/Frameworks/Python.framework/Versions/3.7/lib/python3.7/unittest/suite.py", line 84, in __call__
    return self.run(*args, **kwds)
           │    │    │       └ {}
           │    │    └ (<unittest.runner.TextTestResult run=2 errors=0 failures=0>,)
           │    └ <function TestSuite.run at 0x7fe65d44fb70>
           └ <unittest.suite.TestSuite tests=[<unittest.suite.TestSuite tests=[None, <test_cart.CartTestCase testMethod=test_create_cart_e...
  File "/Library/Frameworks/Python.framework/Versions/3.7/lib/python3.7/unittest/suite.py", line 122, in run
    test(result)
    │    └ <unittest.runner.TextTestResult run=2 errors=0 failures=0>
    └ <unittest.suite.TestSuite tests=[None, <test_cart.CartTestCase testMethod=test_create_cart_error>, <test_cart.CartTestCase te...
  File "/Library/Frameworks/Python.framework/Versions/3.7/lib/python3.7/unittest/suite.py", line 84, in __call__
    return self.run(*args, **kwds)
           │    │    │       └ {}
           │    │    └ (<unittest.runner.TextTestResult run=2 errors=0 failures=0>,)
           │    └ <function TestSuite.run at 0x7fe65d44fb70>
           └ <unittest.suite.TestSuite tests=[None, <test_cart.CartTestCase testMethod=test_create_cart_error>, <test_cart.CartTestCase te...
  File "/Library/Frameworks/Python.framework/Versions/3.7/lib/python3.7/unittest/suite.py", line 122, in run
    test(result)
    │    └ <unittest.runner.TextTestResult run=2 errors=0 failures=0>
    └ <test_cart.CartTestCase testMethod=test_create_cart_error>
  File "/Library/Frameworks/Python.framework/Versions/3.7/lib/python3.7/unittest/case.py", line 663, in __call__
    return self.run(*args, **kwds)
           │    │    │       └ {}
           │    │    └ (<unittest.runner.TextTestResult run=2 errors=0 failures=0>,)
           │    └ <function TestCase.run at 0x7fe65d44bc80>
           └ <test_cart.CartTestCase testMethod=test_create_cart_error>
  File "/Library/Frameworks/Python.framework/Versions/3.7/lib/python3.7/unittest/case.py", line 615, in run
    testMethod()
    └ <bound method CartTestCase.test_create_cart_error of <test_cart.CartTestCase testMethod=test_create_cart_error>>

> File "/Users/cyouzhang/Project/Python/my_cart/testcases/test_cart.py", line 38, in test_create_cart_error
    create_cart(["aa"])
    └ <function create_cart at 0x7fe65da2bb70>

  File "/Users/cyouzhang/Project/Python/my_cart/my_cart/core/cart.py", line 97, in create_cart
    return False, e.with_traceback()

TypeError: with_traceback() takes exactly one argument (0 given)
2022-11-23 01:03:03.328 | DEBUG    | my_cart.core.cart:__init__:19 - products:['T-shirt']
2022-11-23 01:03:03.329 | DEBUG    | my_cart.core.cart:__init__:20 - expense_calculators: None
2022-11-23 01:03:03.329 | DEBUG    | my_cart.core.cart:__init__:21 - discount_calculators: ['a']
2022-11-23 01:03:03.329 | ERROR    | my_cart.core.cart:__init_calculator:65 - module 'my_cart.core.calculator' has no attribute 'a'
2022-11-23 01:03:03.330 | DEBUG    | my_cart.core.cart:__init__:19 - products:['T-shirt']
2022-11-23 01:03:03.330 | DEBUG    | my_cart.core.cart:__init__:20 - expense_calculators: ['a']
2022-11-23 01:03:03.330 | DEBUG    | my_cart.core.cart:__init__:21 - discount_calculators: None
2022-11-23 01:03:03.331 | ERROR    | my_cart.core.cart:__init_calculator:65 - module 'my_cart.core.calculator' has no attribute 'a'
2022-11-23 01:03:03.331 | DEBUG    | my_cart.core.cart:__init__:19 - products:['T-shirt', 'K']
2022-11-23 01:03:03.331 | DEBUG    | my_cart.core.cart:__init__:20 - expense_calculators: None
2022-11-23 01:03:03.331 | DEBUG    | my_cart.core.cart:__init__:21 - discount_calculators: None
2022-11-23 01:03:03.332 | DEBUG    | my_cart.core.cart:__init__:19 - products:None
2022-11-23 01:03:03.332 | DEBUG    | my_cart.core.cart:__init__:20 - expense_calculators: None
2022-11-23 01:03:03.332 | DEBUG    | my_cart.core.cart:__init__:21 - discount_calculators: None
2022-11-23 01:03:03.332 | DEBUG    | my_cart.core.cart:__init__:19 - products:[]
2022-11-23 01:03:03.332 | DEBUG    | my_cart.core.cart:__init__:20 - expense_calculators: None
2022-11-23 01:03:03.333 | DEBUG    | my_cart.core.cart:__init__:21 - discount_calculators: None
2022-11-23 01:03:03.333 | DEBUG    | my_cart.core.cart:__init__:19 - products:['T-shirt']
2022-11-23 01:03:03.333 | DEBUG    | my_cart.core.cart:__init__:20 - expense_calculators: None
2022-11-23 01:03:03.333 | DEBUG    | my_cart.core.cart:__init__:21 - discount_calculators: None
2022-11-23 01:03:03.334 | DEBUG    | my_cart.core.cart:__init__:35 - [<my_cart.core.calculator.Subtotal object at 0x7fe65da49ac8>, <my_cart.core.calculator.Shipping object at 0x7fe65da49390>, <my_cart.core.calculator.VAT object at 0x7fe65da49b00>]
2022-11-23 01:03:03.335 | DEBUG    | my_cart.core.cart:__init__:36 - [<my_cart.core.calculator.ShoesDiscount object at 0x7fe65da49b38>, <my_cart.core.calculator.JacketDiscount object at 0x7fe65da49be0>, <my_cart.core.calculator.ShippingDiscount object at 0x7fe65da49c18>]
2022-11-23 01:05:10.181 | DEBUG    | my_cart.core.cart:__init__:19 - products:['T-shirt', 'Blouse', 'Pants', 'Sweatpants', 'Jacket', 'Shoes']
2022-11-23 01:05:10.182 | DEBUG    | my_cart.core.cart:__init__:20 - expense_calculators: None
2022-11-23 01:05:10.182 | DEBUG    | my_cart.core.cart:__init__:21 - discount_calculators: None
2022-11-23 01:05:10.183 | DEBUG    | my_cart.core.cart:__init__:35 - [<my_cart.core.calculator.Subtotal object at 0x7f7fa2c770f0>, <my_cart.core.calculator.Shipping object at 0x7f7fa2c774a8>, <my_cart.core.calculator.VAT object at 0x7f7fa2c77550>]
2022-11-23 01:05:10.183 | DEBUG    | my_cart.core.cart:__init__:36 - [<my_cart.core.calculator.ShoesDiscount object at 0x7f7fa2c775f8>, <my_cart.core.calculator.JacketDiscount object at 0x7f7fa2c77630>, <my_cart.core.calculator.ShippingDiscount object at 0x7f7fa2c77128>]
2022-11-23 01:05:10.191 | DEBUG    | my_cart.core.cart:__init__:19 - products:['aa']
2022-11-23 01:05:10.191 | DEBUG    | my_cart.core.cart:__init__:20 - expense_calculators: None
2022-11-23 01:05:10.191 | DEBUG    | my_cart.core.cart:__init__:21 - discount_calculators: None
2022-11-23 01:05:10.191 | ERROR    | my_cart.core.cart:create_cart:96 - Product 'aa' not in ['T-shirt', 'Blouse', 'Pants', 'Sweatpants', 'Jacket', 'Shoes'] range
2022-11-23 01:05:10.192 | ERROR    | test_cart:test_create_cart_error:38 - An error has been caught in function 'test_create_cart_error', process 'MainProcess' (64856), thread 'MainThread' (4641236480):
Traceback (most recent call last):

  File "/Users/cyouzhang/Project/Python/my_cart/my_cart/core/cart.py", line 56, in __init_products
    return [Product(product, **product_data[product]) for product in products]
            │                  │                                     └ ['aa']
            │                  └ {'T-shirt': {'price': 30.99, 'shipped_from': 'US', 'weight': 0.2}, 'Blouse': {'price': 10.99, 'shipped_from': 'UK', 'weight':...
            └ <class 'my_cart.core.product.Product'>

  File "/Users/cyouzhang/Project/Python/my_cart/my_cart/core/cart.py", line 56, in <listcomp>
    return [Product(product, **product_data[product]) for product in products]
            │       │          │            │             └ 'aa'
            │       │          │            └ 'aa'
            │       │          └ {'T-shirt': {'price': 30.99, 'shipped_from': 'US', 'weight': 0.2}, 'Blouse': {'price': 10.99, 'shipped_from': 'UK', 'weight':...
            │       └ 'aa'
            └ <class 'my_cart.core.product.Product'>

KeyError: 'aa'


During handling of the above exception, another exception occurred:


Traceback (most recent call last):

  File "/Users/cyouzhang/Project/Python/my_cart/my_cart/core/cart.py", line 91, in create_cart
    cart = Cart(products)
           │    └ ['aa']
           └ <class 'my_cart.core.cart.Cart'>

  File "/Users/cyouzhang/Project/Python/my_cart/my_cart/core/cart.py", line 23, in __init__
    self._products = self.__init_products(products)
    │                │                    └ ['aa']
    │                └ <my_cart.core.cart.Cart object at 0x7f7fa2c77048>
    └ <my_cart.core.cart.Cart object at 0x7f7fa2c77048>

  File "/Users/cyouzhang/Project/Python/my_cart/my_cart/core/cart.py", line 58, in __init_products
    raise ProductNotSupportError(product=e.args[0])
          └ <class 'my_cart.core.error.ProductNotSupportError'>

my_cart.core.error.ProductNotSupportError: Product 'aa' not in ['T-shirt', 'Blouse', 'Pants', 'Sweatpants', 'Jacket', 'Shoes'] range


During handling of the above exception, another exception occurred:


Traceback (most recent call last):

  File "/Users/cyouzhang/Project/Python/my_cart/venv/bin/coverage", line 10, in <module>
    sys.exit(main())
    │   │    └ <function main at 0x7f7fa0e55048>
    │   └ <built-in function exit>
    └ <module 'sys' (built-in)>
  File "/Users/cyouzhang/Project/Python/my_cart/venv/lib/python3.7/site-packages/coverage/cmdline.py", line 943, in main
    status = CoverageScript().command_line(argv)
             │                             └ ['run', '-m', 'unittest', 'discover', 'testcases']
             └ <class 'coverage.cmdline.CoverageScript'>
  File "/Users/cyouzhang/Project/Python/my_cart/venv/lib/python3.7/site-packages/coverage/cmdline.py", line 659, in command_line
    return self.do_run(options, args)
           │    │      │        └ ['python -m unittest', 'discover', 'testcases']
           │    │      └ <Values at 0x7f7fa0ac67f0: {'action': 'run', 'append': None, 'branch': None, 'concurrency': None, 'context': None, 'contexts'...
           │    └ <function CoverageScript.do_run at 0x7f7fa0e41e18>
           └ <coverage.cmdline.CoverageScript object at 0x7f7fa0a8f390>
  File "/Users/cyouzhang/Project/Python/my_cart/venv/lib/python3.7/site-packages/coverage/cmdline.py", line 830, in do_run
    runner.run()
    │      └ <function PyRunner.run at 0x7f7fa0e41620>
    └ <coverage.execfile.PyRunner object at 0x7f7fa0e4d9e8>
  File "/Users/cyouzhang/Project/Python/my_cart/venv/lib/python3.7/site-packages/coverage/execfile.py", line 199, in run
    exec(code, main_mod.__dict__)
         │     │        └ <member '__dict__' of 'module' objects>
         │     └ <module 'unittest.__main__' from '/Library/Frameworks/Python.framework/Versions/3.7/lib/python3.7/unittest/__main__.py'>
         └ <code object <module> at 0x7f7fa0f8ded0, file "/Library/Frameworks/Python.framework/Versions/3.7/lib/python3.7/unittest/__mai...
  File "/Library/Frameworks/Python.framework/Versions/3.7/lib/python3.7/unittest/__main__.py", line 18, in <module>
    main(module=None)
    └ <class 'unittest.main.TestProgram'>
  File "/Library/Frameworks/Python.framework/Versions/3.7/lib/python3.7/unittest/main.py", line 101, in __init__
    self.runTests()
    │    └ <function TestProgram.runTests at 0x7f7fa0fc7840>
    └ <unittest.main.TestProgram object at 0x7f7fa0ebd470>
  File "/Library/Frameworks/Python.framework/Versions/3.7/lib/python3.7/unittest/main.py", line 271, in runTests
    self.result = testRunner.run(self.test)
    │             │          │   │    └ <unittest.suite.TestSuite tests=[<unittest.suite.TestSuite tests=[<unittest.suite.TestSuite tests=[None, <test_cart.CartTestC...
    │             │          │   └ <unittest.main.TestProgram object at 0x7f7fa0ebd470>
    │             │          └ <function TextTestRunner.run at 0x7f7fa0fc70d0>
    │             └ <unittest.runner.TextTestRunner object at 0x7f7fa0fbfeb8>
    └ <unittest.main.TestProgram object at 0x7f7fa0ebd470>
  File "/Library/Frameworks/Python.framework/Versions/3.7/lib/python3.7/unittest/runner.py", line 176, in run
    test(result)
    │    └ <unittest.runner.TextTestResult run=2 errors=0 failures=0>
    └ <unittest.suite.TestSuite tests=[<unittest.suite.TestSuite tests=[<unittest.suite.TestSuite tests=[None, <test_cart.CartTestC...
  File "/Library/Frameworks/Python.framework/Versions/3.7/lib/python3.7/unittest/suite.py", line 84, in __call__
    return self.run(*args, **kwds)
           │    │    │       └ {}
           │    │    └ (<unittest.runner.TextTestResult run=2 errors=0 failures=0>,)
           │    └ <function TestSuite.run at 0x7f7fa0f86b70>
           └ <unittest.suite.TestSuite tests=[<unittest.suite.TestSuite tests=[<unittest.suite.TestSuite tests=[None, <test_cart.CartTestC...
  File "/Library/Frameworks/Python.framework/Versions/3.7/lib/python3.7/unittest/suite.py", line 122, in run
    test(result)
    │    └ <unittest.runner.TextTestResult run=2 errors=0 failures=0>
    └ <unittest.suite.TestSuite tests=[<unittest.suite.TestSuite tests=[None, <test_cart.CartTestCase testMethod=test_create_cart_e...
  File "/Library/Frameworks/Python.framework/Versions/3.7/lib/python3.7/unittest/suite.py", line 84, in __call__
    return self.run(*args, **kwds)
           │    │    │       └ {}
           │    │    └ (<unittest.runner.TextTestResult run=2 errors=0 failures=0>,)
           │    └ <function TestSuite.run at 0x7f7fa0f86b70>
           └ <unittest.suite.TestSuite tests=[<unittest.suite.TestSuite tests=[None, <test_cart.CartTestCase testMethod=test_create_cart_e...
  File "/Library/Frameworks/Python.framework/Versions/3.7/lib/python3.7/unittest/suite.py", line 122, in run
    test(result)
    │    └ <unittest.runner.TextTestResult run=2 errors=0 failures=0>
    └ <unittest.suite.TestSuite tests=[None, <test_cart.CartTestCase testMethod=test_create_cart_error>, <test_cart.CartTestCase te...
  File "/Library/Frameworks/Python.framework/Versions/3.7/lib/python3.7/unittest/suite.py", line 84, in __call__
    return self.run(*args, **kwds)
           │    │    │       └ {}
           │    │    └ (<unittest.runner.TextTestResult run=2 errors=0 failures=0>,)
           │    └ <function TestSuite.run at 0x7f7fa0f86b70>
           └ <unittest.suite.TestSuite tests=[None, <test_cart.CartTestCase testMethod=test_create_cart_error>, <test_cart.CartTestCase te...
  File "/Library/Frameworks/Python.framework/Versions/3.7/lib/python3.7/unittest/suite.py", line 122, in run
    test(result)
    │    └ <unittest.runner.TextTestResult run=2 errors=0 failures=0>
    └ <test_cart.CartTestCase testMethod=test_create_cart_error>
  File "/Library/Frameworks/Python.framework/Versions/3.7/lib/python3.7/unittest/case.py", line 663, in __call__
    return self.run(*args, **kwds)
           │    │    │       └ {}
           │    │    └ (<unittest.runner.TextTestResult run=2 errors=0 failures=0>,)
           │    └ <function TestCase.run at 0x7f7fa0f82c80>
           └ <test_cart.CartTestCase testMethod=test_create_cart_error>
  File "/Library/Frameworks/Python.framework/Versions/3.7/lib/python3.7/unittest/case.py", line 615, in run
    testMethod()
    └ <bound method CartTestCase.test_create_cart_error of <test_cart.CartTestCase testMethod=test_create_cart_error>>

> File "/Users/cyouzhang/Project/Python/my_cart/testcases/test_cart.py", line 38, in test_create_cart_error
    create_cart(["aa"])
    └ <function create_cart at 0x7f7fa2c6bb70>

  File "/Users/cyouzhang/Project/Python/my_cart/my_cart/core/cart.py", line 97, in create_cart
    return False, e.with_traceback()

TypeError: with_traceback() takes exactly one argument (0 given)
2022-11-23 01:05:10.222 | DEBUG    | my_cart.core.cart:__init__:19 - products:['T-shirt']
2022-11-23 01:05:10.223 | DEBUG    | my_cart.core.cart:__init__:20 - expense_calculators: None
2022-11-23 01:05:10.223 | DEBUG    | my_cart.core.cart:__init__:21 - discount_calculators: ['a']
2022-11-23 01:05:10.223 | ERROR    | my_cart.core.cart:__init_calculator:65 - module 'my_cart.core.calculator' has no attribute 'a'
2022-11-23 01:05:10.223 | DEBUG    | my_cart.core.cart:__init__:19 - products:['T-shirt']
2022-11-23 01:05:10.224 | DEBUG    | my_cart.core.cart:__init__:20 - expense_calculators: ['a']
2022-11-23 01:05:10.224 | DEBUG    | my_cart.core.cart:__init__:21 - discount_calculators: None
2022-11-23 01:05:10.224 | ERROR    | my_cart.core.cart:__init_calculator:65 - module 'my_cart.core.calculator' has no attribute 'a'
2022-11-23 01:05:10.224 | DEBUG    | my_cart.core.cart:__init__:19 - products:['T-shirt', 'K']
2022-11-23 01:05:10.224 | DEBUG    | my_cart.core.cart:__init__:20 - expense_calculators: None
2022-11-23 01:05:10.225 | DEBUG    | my_cart.core.cart:__init__:21 - discount_calculators: None
2022-11-23 01:05:10.225 | DEBUG    | my_cart.core.cart:__init__:19 - products:None
2022-11-23 01:05:10.225 | DEBUG    | my_cart.core.cart:__init__:20 - expense_calculators: None
2022-11-23 01:05:10.225 | DEBUG    | my_cart.core.cart:__init__:21 - discount_calculators: None
2022-11-23 01:05:10.225 | DEBUG    | my_cart.core.cart:__init__:19 - products:[]
2022-11-23 01:05:10.226 | DEBUG    | my_cart.core.cart:__init__:20 - expense_calculators: None
2022-11-23 01:05:10.226 | DEBUG    | my_cart.core.cart:__init__:21 - discount_calculators: None
2022-11-23 01:05:10.226 | DEBUG    | my_cart.core.cart:__init__:19 - products:['T-shirt']
2022-11-23 01:05:10.226 | DEBUG    | my_cart.core.cart:__init__:20 - expense_calculators: None
2022-11-23 01:05:10.226 | DEBUG    | my_cart.core.cart:__init__:21 - discount_calculators: None
2022-11-23 01:05:10.226 | DEBUG    | my_cart.core.cart:__init__:35 - [<my_cart.core.calculator.Subtotal object at 0x7f7fa2c899e8>, <my_cart.core.calculator.Shipping object at 0x7f7fa2c891d0>, <my_cart.core.calculator.VAT object at 0x7f7fa2c899b0>]
2022-11-23 01:05:10.227 | DEBUG    | my_cart.core.cart:__init__:36 - [<my_cart.core.calculator.ShoesDiscount object at 0x7f7fa2c89a20>, <my_cart.core.calculator.JacketDiscount object at 0x7f7fa2c89a58>, <my_cart.core.calculator.ShippingDiscount object at 0x7f7fa2c89a90>]
2022-11-23 01:52:09.157 | DEBUG    | my_cart.core.cart:__init__:19 - products:('Jacket',)
2022-11-23 01:52:09.158 | DEBUG    | my_cart.core.cart:__init__:20 - expense_calculators: None
2022-11-23 01:52:09.158 | DEBUG    | my_cart.core.cart:__init__:21 - discount_calculators: None
2022-11-23 01:52:09.158 | DEBUG    | my_cart.core.cart:__init__:35 - [<my_cart.core.calculator.Subtotal object at 0x7fe72e71ddd8>, <my_cart.core.calculator.Shipping object at 0x7fe72e71dd68>, <my_cart.core.calculator.VAT object at 0x7fe72e71de48>]
2022-11-23 01:52:09.158 | DEBUG    | my_cart.core.cart:__init__:36 - [<my_cart.core.calculator.ShoesDiscount object at 0x7fe72e71dcf8>, <my_cart.core.calculator.JacketDiscount object at 0x7fe72e71dcc0>, <my_cart.core.calculator.ShippingDiscount object at 0x7fe72e71df28>]
2022-11-23 01:57:03.554 | DEBUG    | my_cart.core.cart:__init__:19 - products:('Jacket',)
2022-11-23 01:57:03.554 | DEBUG    | my_cart.core.cart:__init__:20 - expense_calculators: None
2022-11-23 01:57:03.554 | DEBUG    | my_cart.core.cart:__init__:21 - discount_calculators: None
2022-11-23 01:57:03.555 | DEBUG    | my_cart.core.cart:__init__:35 - [<my_cart.core.calculator.Subtotal object at 0x7faa3b75de48>, <my_cart.core.calculator.Shipping object at 0x7faa3b75ddd8>, <my_cart.core.calculator.VAT object at 0x7faa3b75deb8>]
2022-11-23 01:57:03.555 | DEBUG    | my_cart.core.cart:__init__:36 - [<my_cart.core.calculator.ShoesDiscount object at 0x7faa3b75dd68>, <my_cart.core.calculator.JacketDiscount object at 0x7faa3b75dd30>, <my_cart.core.calculator.ShippingDiscount object at 0x7faa3b75df98>]
2022-11-23 02:22:56.775 | DEBUG    | my_cart.core.cart:__init__:25 - products:['T-shirt', 'Blouse', 'Pants', 'Sweatpants', 'Jacket', 'Shoes']
2022-11-23 02:22:56.776 | DEBUG    | my_cart.core.cart:__init__:26 - expense_calculators: None
2022-11-23 02:22:56.776 | DEBUG    | my_cart.core.cart:__init__:27 - discount_calculators: None
2022-11-23 02:22:56.776 | DEBUG    | my_cart.core.cart:__init__:41 - [<my_cart.core.calculator.Subtotal object at 0x7fba9eb4db38>, <my_cart.core.calculator.Shipping object at 0x7fba9eb4db00>, <my_cart.core.calculator.VAT object at 0x7fba9eb4dac8>]
2022-11-23 02:22:56.776 | DEBUG    | my_cart.core.cart:__init__:42 - [<my_cart.core.calculator.ShoesDiscount object at 0x7fba9eb4da90>, <my_cart.core.calculator.JacketDiscount object at 0x7fba9eb4da58>, <my_cart.core.calculator.ShippingDiscount object at 0x7fba9eb4db70>]
2022-11-23 02:22:56.790 | DEBUG    | my_cart.core.cart:__init__:25 - products:['aa']
2022-11-23 02:22:56.790 | DEBUG    | my_cart.core.cart:__init__:26 - expense_calculators: None
2022-11-23 02:22:56.790 | DEBUG    | my_cart.core.cart:__init__:27 - discount_calculators: None
2022-11-23 02:22:56.790 | DEBUG    | my_cart.core.cart:__init__:25 - products:['T-shirt']
2022-11-23 02:22:56.790 | DEBUG    | my_cart.core.cart:__init__:26 - expense_calculators: None
2022-11-23 02:22:56.790 | DEBUG    | my_cart.core.cart:__init__:27 - discount_calculators: ['a']
2022-11-23 02:22:56.790 | ERROR    | my_cart.core.cart:__init_calculator:68 - module 'my_cart.core.calculator' has no attribute 'a'
2022-11-23 02:22:56.791 | DEBUG    | my_cart.core.cart:__init__:25 - products:['T-shirt']
2022-11-23 02:22:56.791 | DEBUG    | my_cart.core.cart:__init__:26 - expense_calculators: ['a']
2022-11-23 02:22:56.791 | DEBUG    | my_cart.core.cart:__init__:27 - discount_calculators: None
2022-11-23 02:22:56.791 | ERROR    | my_cart.core.cart:__init_calculator:68 - module 'my_cart.core.calculator' has no attribute 'a'
2022-11-23 02:22:56.791 | DEBUG    | my_cart.core.cart:__init__:25 - products:['T-shirt', 'K']
2022-11-23 02:22:56.791 | DEBUG    | my_cart.core.cart:__init__:26 - expense_calculators: None
2022-11-23 02:22:56.792 | DEBUG    | my_cart.core.cart:__init__:27 - discount_calculators: None
2022-11-23 02:22:56.792 | DEBUG    | my_cart.core.cart:__init__:25 - products:None
2022-11-23 02:22:56.792 | DEBUG    | my_cart.core.cart:__init__:26 - expense_calculators: None
2022-11-23 02:22:56.792 | DEBUG    | my_cart.core.cart:__init__:27 - discount_calculators: None
2022-11-23 02:22:56.792 | DEBUG    | my_cart.core.cart:__init__:25 - products:[]
2022-11-23 02:22:56.792 | DEBUG    | my_cart.core.cart:__init__:26 - expense_calculators: None
2022-11-23 02:22:56.792 | DEBUG    | my_cart.core.cart:__init__:27 - discount_calculators: None
2022-11-23 02:22:56.793 | DEBUG    | my_cart.core.cart:__init__:25 - products:['T-shirt']
2022-11-23 02:22:56.793 | DEBUG    | my_cart.core.cart:__init__:26 - expense_calculators: None
2022-11-23 02:22:56.793 | DEBUG    | my_cart.core.cart:__init__:27 - discount_calculators: None
2022-11-23 02:22:56.793 | DEBUG    | my_cart.core.cart:__init__:41 - [<my_cart.core.calculator.Subtotal object at 0x7fba9eb4da20>, <my_cart.core.calculator.Shipping object at 0x7fba9eb4dfd0>, <my_cart.core.calculator.VAT object at 0x7fba9eb4df28>]
2022-11-23 02:22:56.793 | DEBUG    | my_cart.core.cart:__init__:42 - [<my_cart.core.calculator.ShoesDiscount object at 0x7fba9eb4df98>, <my_cart.core.calculator.JacketDiscount object at 0x7fba9eb4deb8>, <my_cart.core.calculator.ShippingDiscount object at 0x7fba9eb6aa20>]
2022-11-23 02:24:36.437 | DEBUG    | my_cart.core.cart:__init__:25 - products:['T-shirt', 'Blouse', 'Pants', 'Sweatpants', 'Jacket', 'Shoes']
2022-11-23 02:24:36.437 | DEBUG    | my_cart.core.cart:__init__:26 - expense_calculators: None
2022-11-23 02:24:36.437 | DEBUG    | my_cart.core.cart:__init__:27 - discount_calculators: None
2022-11-23 02:24:36.438 | DEBUG    | my_cart.core.cart:__init__:41 - [<my_cart.core.calculator.Subtotal object at 0x7fcab4982a58>, <my_cart.core.calculator.Shipping object at 0x7fcab4982a20>, <my_cart.core.calculator.VAT object at 0x7fcab49829e8>]
2022-11-23 02:24:36.438 | DEBUG    | my_cart.core.cart:__init__:42 - [<my_cart.core.calculator.ShoesDiscount object at 0x7fcab49829b0>, <my_cart.core.calculator.JacketDiscount object at 0x7fcab4982978>, <my_cart.core.calculator.ShippingDiscount object at 0x7fcab4982a90>]
2022-11-23 02:24:36.449 | DEBUG    | my_cart.core.cart:__init__:25 - products:['aa']
2022-11-23 02:24:36.450 | DEBUG    | my_cart.core.cart:__init__:26 - expense_calculators: None
2022-11-23 02:24:36.450 | DEBUG    | my_cart.core.cart:__init__:27 - discount_calculators: None
2022-11-23 02:24:36.450 | DEBUG    | my_cart.core.cart:__init__:25 - products:['T-shirt']
2022-11-23 02:24:36.450 | DEBUG    | my_cart.core.cart:__init__:26 - expense_calculators: None
2022-11-23 02:24:36.450 | DEBUG    | my_cart.core.cart:__init__:27 - discount_calculators: ['a']
2022-11-23 02:24:36.450 | ERROR    | my_cart.core.cart:__init_calculator:68 - module 'my_cart.core.calculator' has no attribute 'a'
2022-11-23 02:24:36.451 | DEBUG    | my_cart.core.cart:__init__:25 - products:['T-shirt']
2022-11-23 02:24:36.451 | DEBUG    | my_cart.core.cart:__init__:26 - expense_calculators: ['a']
2022-11-23 02:24:36.451 | DEBUG    | my_cart.core.cart:__init__:27 - discount_calculators: None
2022-11-23 02:24:36.451 | ERROR    | my_cart.core.cart:__init_calculator:68 - module 'my_cart.core.calculator' has no attribute 'a'
2022-11-23 02:24:36.451 | DEBUG    | my_cart.core.cart:__init__:25 - products:['T-shirt', 'K']
2022-11-23 02:24:36.452 | DEBUG    | my_cart.core.cart:__init__:26 - expense_calculators: None
2022-11-23 02:24:36.452 | DEBUG    | my_cart.core.cart:__init__:27 - discount_calculators: None
2022-11-23 02:24:36.452 | DEBUG    | my_cart.core.cart:__init__:25 - products:None
2022-11-23 02:24:36.452 | DEBUG    | my_cart.core.cart:__init__:26 - expense_calculators: None
2022-11-23 02:24:36.452 | DEBUG    | my_cart.core.cart:__init__:27 - discount_calculators: None
2022-11-23 02:24:36.452 | DEBUG    | my_cart.core.cart:__init__:25 - products:[]
2022-11-23 02:24:36.452 | DEBUG    | my_cart.core.cart:__init__:26 - expense_calculators: None
2022-11-23 02:24:36.452 | DEBUG    | my_cart.core.cart:__init__:27 - discount_calculators: None
2022-11-23 02:24:36.453 | DEBUG    | my_cart.core.cart:__init__:25 - products:['T-shirt']
2022-11-23 02:24:36.453 | DEBUG    | my_cart.core.cart:__init__:26 - expense_calculators: None
2022-11-23 02:24:36.453 | DEBUG    | my_cart.core.cart:__init__:27 - discount_calculators: None
2022-11-23 02:24:36.453 | DEBUG    | my_cart.core.cart:__init__:41 - [<my_cart.core.calculator.Subtotal object at 0x7fcab4982908>, <my_cart.core.calculator.Shipping object at 0x7fcab4982fd0>, <my_cart.core.calculator.VAT object at 0x7fcab4982ef0>]
2022-11-23 02:24:36.453 | DEBUG    | my_cart.core.cart:__init__:42 - [<my_cart.core.calculator.ShoesDiscount object at 0x7fcab4982f60>, <my_cart.core.calculator.JacketDiscount object at 0x7fcab4982c88>, <my_cart.core.calculator.ShippingDiscount object at 0x7fcab49a2da0>]
2022-11-23 02:24:41.931 | DEBUG    | my_cart.core.cart:__init__:25 - products:['T-shirt', 'Blouse', 'Pants', 'Sweatpants', 'Jacket', 'Shoes']
2022-11-23 02:24:41.932 | DEBUG    | my_cart.core.cart:__init__:26 - expense_calculators: None
2022-11-23 02:24:41.932 | DEBUG    | my_cart.core.cart:__init__:27 - discount_calculators: None
2022-11-23 02:24:41.932 | DEBUG    | my_cart.core.cart:__init__:41 - [<my_cart.core.calculator.Subtotal object at 0x7fc455a53a20>, <my_cart.core.calculator.Shipping object at 0x7fc455a539e8>, <my_cart.core.calculator.VAT object at 0x7fc455a539b0>]
2022-11-23 02:24:41.932 | DEBUG    | my_cart.core.cart:__init__:42 - [<my_cart.core.calculator.ShoesDiscount object at 0x7fc455a53978>, <my_cart.core.calculator.JacketDiscount object at 0x7fc455a53940>, <my_cart.core.calculator.ShippingDiscount object at 0x7fc455a53a58>]
2022-11-23 02:24:41.944 | DEBUG    | my_cart.core.cart:__init__:25 - products:['aa']
2022-11-23 02:24:41.944 | DEBUG    | my_cart.core.cart:__init__:26 - expense_calculators: None
2022-11-23 02:24:41.944 | DEBUG    | my_cart.core.cart:__init__:27 - discount_calculators: None
2022-11-23 02:24:41.944 | DEBUG    | my_cart.core.cart:__init__:25 - products:['T-shirt']
2022-11-23 02:24:41.944 | DEBUG    | my_cart.core.cart:__init__:26 - expense_calculators: None
2022-11-23 02:24:41.945 | DEBUG    | my_cart.core.cart:__init__:27 - discount_calculators: None
2022-11-23 02:24:41.945 | DEBUG    | my_cart.core.cart:__init__:41 - [<my_cart.core.calculator.Subtotal object at 0x7fc455a53940>, <my_cart.core.calculator.Shipping object at 0x7fc455a53a58>, <my_cart.core.calculator.VAT object at 0x7fc455a53a20>]
2022-11-23 02:24:41.945 | DEBUG    | my_cart.core.cart:__init__:42 - [<my_cart.core.calculator.ShoesDiscount object at 0x7fc455a539e8>, <my_cart.core.calculator.JacketDiscount object at 0x7fc455a53898>, <my_cart.core.calculator.ShippingDiscount object at 0x7fc455a53978>]
2022-11-23 02:24:41.954 | DEBUG    | my_cart.core.cart:__init__:25 - products:['T-shirt']
2022-11-23 02:24:41.954 | DEBUG    | my_cart.core.cart:__init__:26 - expense_calculators: None
2022-11-23 02:24:41.954 | DEBUG    | my_cart.core.cart:__init__:27 - discount_calculators: ['a']
2022-11-23 02:24:41.954 | ERROR    | my_cart.core.cart:__init_calculator:68 - module 'my_cart.core.calculator' has no attribute 'a'
2022-11-23 02:24:41.954 | DEBUG    | my_cart.core.cart:__init__:25 - products:['T-shirt']
2022-11-23 02:24:41.955 | DEBUG    | my_cart.core.cart:__init__:26 - expense_calculators: ['a']
2022-11-23 02:24:41.955 | DEBUG    | my_cart.core.cart:__init__:27 - discount_calculators: None
2022-11-23 02:24:41.955 | ERROR    | my_cart.core.cart:__init_calculator:68 - module 'my_cart.core.calculator' has no attribute 'a'
2022-11-23 02:24:41.955 | DEBUG    | my_cart.core.cart:__init__:25 - products:['T-shirt', 'K']
2022-11-23 02:24:41.955 | DEBUG    | my_cart.core.cart:__init__:26 - expense_calculators: None
2022-11-23 02:24:41.955 | DEBUG    | my_cart.core.cart:__init__:27 - discount_calculators: None
2022-11-23 02:24:41.956 | DEBUG    | my_cart.core.cart:__init__:25 - products:None
2022-11-23 02:24:41.956 | DEBUG    | my_cart.core.cart:__init__:26 - expense_calculators: None
2022-11-23 02:24:41.956 | DEBUG    | my_cart.core.cart:__init__:27 - discount_calculators: None
2022-11-23 02:24:41.956 | DEBUG    | my_cart.core.cart:__init__:25 - products:[]
2022-11-23 02:24:41.956 | DEBUG    | my_cart.core.cart:__init__:26 - expense_calculators: None
2022-11-23 02:24:41.956 | DEBUG    | my_cart.core.cart:__init__:27 - discount_calculators: None
2022-11-23 02:24:41.956 | DEBUG    | my_cart.core.cart:__init__:25 - products:['T-shirt']
2022-11-23 02:24:41.957 | DEBUG    | my_cart.core.cart:__init__:26 - expense_calculators: None
2022-11-23 02:24:41.957 | DEBUG    | my_cart.core.cart:__init__:27 - discount_calculators: None
2022-11-23 02:24:41.957 | DEBUG    | my_cart.core.cart:__init__:41 - [<my_cart.core.calculator.Subtotal object at 0x7fc455a53f28>, <my_cart.core.calculator.Shipping object at 0x7fc455a53eb8>, <my_cart.core.calculator.VAT object at 0x7fc455a537f0>]
2022-11-23 02:24:41.957 | DEBUG    | my_cart.core.cart:__init__:42 - [<my_cart.core.calculator.ShoesDiscount object at 0x7fc455a736a0>, <my_cart.core.calculator.JacketDiscount object at 0x7fc455a73940>, <my_cart.core.calculator.ShippingDiscount object at 0x7fc455a73470>]
2022-11-23 02:25:10.153 | DEBUG    | my_cart.core.cart:__init__:25 - products:['T-shirt', 'Blouse', 'Pants', 'Sweatpants', 'Jacket', 'Shoes']
2022-11-23 02:25:10.153 | DEBUG    | my_cart.core.cart:__init__:26 - expense_calculators: None
2022-11-23 02:25:10.153 | DEBUG    | my_cart.core.cart:__init__:27 - discount_calculators: None
2022-11-23 02:25:10.153 | DEBUG    | my_cart.core.cart:__init__:41 - [<my_cart.core.calculator.Subtotal object at 0x7fead6081b00>, <my_cart.core.calculator.Shipping object at 0x7fead6081ac8>, <my_cart.core.calculator.VAT object at 0x7fead6081a90>]
2022-11-23 02:25:10.154 | DEBUG    | my_cart.core.cart:__init__:42 - [<my_cart.core.calculator.ShoesDiscount object at 0x7fead6081a58>, <my_cart.core.calculator.JacketDiscount object at 0x7fead6081a20>, <my_cart.core.calculator.ShippingDiscount object at 0x7fead6081b38>]
2022-11-23 02:25:10.165 | DEBUG    | my_cart.core.cart:__init__:25 - products:['aa']
2022-11-23 02:25:10.165 | DEBUG    | my_cart.core.cart:__init__:26 - expense_calculators: None
2022-11-23 02:25:10.166 | DEBUG    | my_cart.core.cart:__init__:27 - discount_calculators: None
2022-11-23 02:25:10.166 | DEBUG    | my_cart.core.cart:__init__:25 - products:['T-shirt']
2022-11-23 02:25:10.166 | DEBUG    | my_cart.core.cart:__init__:26 - expense_calculators: None
2022-11-23 02:25:10.166 | DEBUG    | my_cart.core.cart:__init__:27 - discount_calculators: None
2022-11-23 02:25:10.166 | DEBUG    | my_cart.core.cart:__init__:41 - [<my_cart.core.calculator.Subtotal object at 0x7fead6081a20>, <my_cart.core.calculator.Shipping object at 0x7fead6081b38>, <my_cart.core.calculator.VAT object at 0x7fead6081b00>]
2022-11-23 02:25:10.166 | DEBUG    | my_cart.core.cart:__init__:42 - [<my_cart.core.calculator.ShoesDiscount object at 0x7fead6081ac8>, <my_cart.core.calculator.JacketDiscount object at 0x7fead60819b0>, <my_cart.core.calculator.ShippingDiscount object at 0x7fead6081a58>]
2022-11-23 02:25:10.175 | DEBUG    | my_cart.core.cart:__init__:25 - products:['T-shirt']
2022-11-23 02:25:10.176 | DEBUG    | my_cart.core.cart:__init__:26 - expense_calculators: None
2022-11-23 02:25:10.176 | DEBUG    | my_cart.core.cart:__init__:27 - discount_calculators: ['a']
2022-11-23 02:25:10.176 | ERROR    | my_cart.core.cart:__init_calculator:68 - module 'my_cart.core.calculator' has no attribute 'a'
2022-11-23 02:25:10.176 | DEBUG    | my_cart.core.cart:__init__:25 - products:['T-shirt']
2022-11-23 02:25:10.176 | DEBUG    | my_cart.core.cart:__init__:26 - expense_calculators: ['a']
2022-11-23 02:25:10.177 | DEBUG    | my_cart.core.cart:__init__:27 - discount_calculators: None
2022-11-23 02:25:10.177 | ERROR    | my_cart.core.cart:__init_calculator:68 - module 'my_cart.core.calculator' has no attribute 'a'
2022-11-23 02:25:10.177 | DEBUG    | my_cart.core.cart:__init__:25 - products:['T-shirt', 'K']
2022-11-23 02:25:10.178 | DEBUG    | my_cart.core.cart:__init__:26 - expense_calculators: None
2022-11-23 02:25:10.178 | DEBUG    | my_cart.core.cart:__init__:27 - discount_calculators: None
2022-11-23 02:25:10.178 | DEBUG    | my_cart.core.cart:__init__:25 - products:None
2022-11-23 02:25:10.178 | DEBUG    | my_cart.core.cart:__init__:26 - expense_calculators: None
2022-11-23 02:25:10.178 | DEBUG    | my_cart.core.cart:__init__:27 - discount_calculators: None
2022-11-23 02:25:10.179 | DEBUG    | my_cart.core.cart:__init__:25 - products:[]
2022-11-23 02:25:10.179 | DEBUG    | my_cart.core.cart:__init__:26 - expense_calculators: None
2022-11-23 02:25:10.179 | DEBUG    | my_cart.core.cart:__init__:27 - discount_calculators: None
2022-11-23 02:25:10.179 | DEBUG    | my_cart.core.cart:__init__:25 - products:['T-shirt']
2022-11-23 02:25:10.179 | DEBUG    | my_cart.core.cart:__init__:26 - expense_calculators: None
2022-11-23 02:25:10.179 | DEBUG    | my_cart.core.cart:__init__:27 - discount_calculators: None
2022-11-23 02:25:10.179 | DEBUG    | my_cart.core.cart:__init__:41 - [<my_cart.core.calculator.Subtotal object at 0x7fead6081f98>, <my_cart.core.calculator.Shipping object at 0x7fead6081f28>, <my_cart.core.calculator.VAT object at 0x7fead6081940>]
2022-11-23 02:25:10.180 | DEBUG    | my_cart.core.cart:__init__:42 - [<my_cart.core.calculator.ShoesDiscount object at 0x7fead609c5f8>, <my_cart.core.calculator.JacketDiscount object at 0x7fead609ca58>, <my_cart.core.calculator.ShippingDiscount object at 0x7fead609c860>]
2022-11-23 02:27:04.827 | DEBUG    | my_cart.core.cart:__init__:25 - products:['T-shirt', 'Blouse', 'Pants', 'Sweatpants', 'Jacket', 'Shoes']
2022-11-23 02:27:04.828 | DEBUG    | my_cart.core.cart:__init__:26 - expense_calculators: None
2022-11-23 02:27:04.828 | DEBUG    | my_cart.core.cart:__init__:27 - discount_calculators: None
2022-11-23 02:27:04.828 | DEBUG    | my_cart.core.cart:__init__:41 - [<my_cart.core.calculator.Subtotal object at 0x7fb495163a90>, <my_cart.core.calculator.Shipping object at 0x7fb495163a58>, <my_cart.core.calculator.VAT object at 0x7fb495163a20>]
2022-11-23 02:27:04.828 | DEBUG    | my_cart.core.cart:__init__:42 - [<my_cart.core.calculator.ShoesDiscount object at 0x7fb4951639e8>, <my_cart.core.calculator.JacketDiscount object at 0x7fb4951639b0>, <my_cart.core.calculator.ShippingDiscount object at 0x7fb495163ac8>]
2022-11-23 02:27:04.842 | DEBUG    | my_cart.core.cart:__init__:25 - products:['aa']
2022-11-23 02:27:04.842 | DEBUG    | my_cart.core.cart:__init__:26 - expense_calculators: None
2022-11-23 02:27:04.842 | DEBUG    | my_cart.core.cart:__init__:27 - discount_calculators: None
2022-11-23 02:27:04.843 | DEBUG    | my_cart.core.cart:__init__:25 - products:['T-shirt']
2022-11-23 02:27:04.843 | DEBUG    | my_cart.core.cart:__init__:26 - expense_calculators: None
2022-11-23 02:27:04.843 | DEBUG    | my_cart.core.cart:__init__:27 - discount_calculators: None
2022-11-23 02:27:04.843 | DEBUG    | my_cart.core.cart:__init__:41 - [<my_cart.core.calculator.Subtotal object at 0x7fb4951639b0>, <my_cart.core.calculator.Shipping object at 0x7fb495163ac8>, <my_cart.core.calculator.VAT object at 0x7fb495163a90>]
2022-11-23 02:27:04.843 | DEBUG    | my_cart.core.cart:__init__:42 - [<my_cart.core.calculator.ShoesDiscount object at 0x7fb495163a58>, <my_cart.core.calculator.JacketDiscount object at 0x7fb495163908>, <my_cart.core.calculator.ShippingDiscount object at 0x7fb4951639e8>]
2022-11-23 02:27:04.854 | DEBUG    | my_cart.core.cart:__init__:25 - products:['T-shirt']
2022-11-23 02:27:04.854 | DEBUG    | my_cart.core.cart:__init__:26 - expense_calculators: None
2022-11-23 02:27:04.854 | DEBUG    | my_cart.core.cart:__init__:27 - discount_calculators: ['a']
2022-11-23 02:27:04.855 | ERROR    | my_cart.core.cart:__init_calculator:68 - module 'my_cart.core.calculator' has no attribute 'a'
2022-11-23 02:27:04.855 | DEBUG    | my_cart.core.cart:__init__:25 - products:['T-shirt']
2022-11-23 02:27:04.855 | DEBUG    | my_cart.core.cart:__init__:26 - expense_calculators: ['a']
2022-11-23 02:27:04.856 | DEBUG    | my_cart.core.cart:__init__:27 - discount_calculators: None
2022-11-23 02:27:04.856 | ERROR    | my_cart.core.cart:__init_calculator:68 - module 'my_cart.core.calculator' has no attribute 'a'
2022-11-23 02:27:04.856 | DEBUG    | my_cart.core.cart:__init__:25 - products:['T-shirt', 'K']
2022-11-23 02:27:04.856 | DEBUG    | my_cart.core.cart:__init__:26 - expense_calculators: None
2022-11-23 02:27:04.856 | DEBUG    | my_cart.core.cart:__init__:27 - discount_calculators: None
2022-11-23 02:27:04.857 | DEBUG    | my_cart.core.cart:__init__:25 - products:None
2022-11-23 02:27:04.857 | DEBUG    | my_cart.core.cart:__init__:26 - expense_calculators: None
2022-11-23 02:27:04.857 | DEBUG    | my_cart.core.cart:__init__:27 - discount_calculators: None
2022-11-23 02:27:04.857 | DEBUG    | my_cart.core.cart:__init__:25 - products:[]
2022-11-23 02:27:04.857 | DEBUG    | my_cart.core.cart:__init__:26 - expense_calculators: None
2022-11-23 02:27:04.857 | DEBUG    | my_cart.core.cart:__init__:27 - discount_calculators: None
2022-11-23 02:27:04.858 | DEBUG    | my_cart.core.cart:__init__:25 - products:['T-shirt']
2022-11-23 02:27:04.858 | DEBUG    | my_cart.core.cart:__init__:26 - expense_calculators: None
2022-11-23 02:27:04.858 | DEBUG    | my_cart.core.cart:__init__:27 - discount_calculators: None
2022-11-23 02:27:04.858 | DEBUG    | my_cart.core.cart:__init__:41 - [<my_cart.core.calculator.Subtotal object at 0x7fb495163f60>, <my_cart.core.calculator.Shipping object at 0x7fb495163ef0>, <my_cart.core.calculator.VAT object at 0x7fb495163860>]
2022-11-23 02:27:04.858 | DEBUG    | my_cart.core.cart:__init__:42 - [<my_cart.core.calculator.ShoesDiscount object at 0x7fb49517d208>, <my_cart.core.calculator.JacketDiscount object at 0x7fb49517d5c0>, <my_cart.core.calculator.ShippingDiscount object at 0x7fb49517d630>]
2022-11-23 02:27:21.684 | DEBUG    | my_cart.core.cart:__init__:25 - products:['T-shirt', 'Blouse', 'Pants', 'Sweatpants', 'Jacket', 'Shoes']
2022-11-23 02:27:21.684 | DEBUG    | my_cart.core.cart:__init__:26 - expense_calculators: None
2022-11-23 02:27:21.684 | DEBUG    | my_cart.core.cart:__init__:27 - discount_calculators: None
2022-11-23 02:27:21.684 | DEBUG    | my_cart.core.cart:__init__:41 - [<my_cart.core.calculator.Subtotal object at 0x7feb33a80b38>, <my_cart.core.calculator.Shipping object at 0x7feb33a80b00>, <my_cart.core.calculator.VAT object at 0x7feb33a80ac8>]
2022-11-23 02:27:21.684 | DEBUG    | my_cart.core.cart:__init__:42 - [<my_cart.core.calculator.ShoesDiscount object at 0x7feb33a80a90>, <my_cart.core.calculator.JacketDiscount object at 0x7feb33a80a58>, <my_cart.core.calculator.ShippingDiscount object at 0x7feb33a80b70>]
2022-11-23 02:27:21.696 | DEBUG    | my_cart.core.cart:__init__:25 - products:['aa']
2022-11-23 02:27:21.696 | DEBUG    | my_cart.core.cart:__init__:26 - expense_calculators: None
2022-11-23 02:27:21.696 | DEBUG    | my_cart.core.cart:__init__:27 - discount_calculators: None
2022-11-23 02:27:21.696 | DEBUG    | my_cart.core.cart:__init__:25 - products:['Shoes']
2022-11-23 02:27:21.697 | DEBUG    | my_cart.core.cart:__init__:26 - expense_calculators: None
2022-11-23 02:27:21.697 | DEBUG    | my_cart.core.cart:__init__:27 - discount_calculators: None
2022-11-23 02:27:21.697 | DEBUG    | my_cart.core.cart:__init__:41 - [<my_cart.core.calculator.Subtotal object at 0x7feb33a80a90>, <my_cart.core.calculator.Shipping object at 0x7feb33a80a58>, <my_cart.core.calculator.VAT object at 0x7feb33a80b70>]
2022-11-23 02:27:21.697 | DEBUG    | my_cart.core.cart:__init__:42 - [<my_cart.core.calculator.ShoesDiscount object at 0x7feb33a80b38>, <my_cart.core.calculator.JacketDiscount object at 0x7feb33a80898>, <my_cart.core.calculator.ShippingDiscount object at 0x7feb33a809e8>]
2022-11-23 02:27:21.707 | DEBUG    | my_cart.core.cart:__init__:25 - products:['T-shirt']
2022-11-23 02:27:21.707 | DEBUG    | my_cart.core.cart:__init__:26 - expense_calculators: None
2022-11-23 02:27:21.707 | DEBUG    | my_cart.core.cart:__init__:27 - discount_calculators: None
2022-11-23 02:27:21.707 | DEBUG    | my_cart.core.cart:__init__:41 - [<my_cart.core.calculator.Subtotal object at 0x7feb33a80a58>, <my_cart.core.calculator.Shipping object at 0x7feb33a80a90>, <my_cart.core.calculator.VAT object at 0x7feb33a809e8>]
2022-11-23 02:27:21.707 | DEBUG    | my_cart.core.cart:__init__:42 - [<my_cart.core.calculator.ShoesDiscount object at 0x7feb33a80898>, <my_cart.core.calculator.JacketDiscount object at 0x7feb33a80b38>, <my_cart.core.calculator.ShippingDiscount object at 0x7feb33a80ac8>]
2022-11-23 02:27:21.716 | DEBUG    | my_cart.core.cart:__init__:25 - products:['T-shirt']
2022-11-23 02:27:21.716 | DEBUG    | my_cart.core.cart:__init__:26 - expense_calculators: None
2022-11-23 02:27:21.716 | DEBUG    | my_cart.core.cart:__init__:27 - discount_calculators: ['a']
2022-11-23 02:27:21.716 | ERROR    | my_cart.core.cart:__init_calculator:68 - module 'my_cart.core.calculator' has no attribute 'a'
2022-11-23 02:27:21.717 | DEBUG    | my_cart.core.cart:__init__:25 - products:['T-shirt']
2022-11-23 02:27:21.717 | DEBUG    | my_cart.core.cart:__init__:26 - expense_calculators: ['a']
2022-11-23 02:27:21.717 | DEBUG    | my_cart.core.cart:__init__:27 - discount_calculators: None
2022-11-23 02:27:21.717 | ERROR    | my_cart.core.cart:__init_calculator:68 - module 'my_cart.core.calculator' has no attribute 'a'
2022-11-23 02:27:21.717 | DEBUG    | my_cart.core.cart:__init__:25 - products:['T-shirt', 'K']
2022-11-23 02:27:21.717 | DEBUG    | my_cart.core.cart:__init__:26 - expense_calculators: None
2022-11-23 02:27:21.717 | DEBUG    | my_cart.core.cart:__init__:27 - discount_calculators: None
2022-11-23 02:27:21.718 | DEBUG    | my_cart.core.cart:__init__:25 - products:None
2022-11-23 02:27:21.718 | DEBUG    | my_cart.core.cart:__init__:26 - expense_calculators: None
2022-11-23 02:27:21.718 | DEBUG    | my_cart.core.cart:__init__:27 - discount_calculators: None
2022-11-23 02:27:21.718 | DEBUG    | my_cart.core.cart:__init__:25 - products:[]
2022-11-23 02:27:21.718 | DEBUG    | my_cart.core.cart:__init__:26 - expense_calculators: None
2022-11-23 02:27:21.718 | DEBUG    | my_cart.core.cart:__init__:27 - discount_calculators: None
2022-11-23 02:27:21.718 | DEBUG    | my_cart.core.cart:__init__:25 - products:['T-shirt']
2022-11-23 02:27:21.719 | DEBUG    | my_cart.core.cart:__init__:26 - expense_calculators: None
2022-11-23 02:27:21.719 | DEBUG    | my_cart.core.cart:__init__:27 - discount_calculators: None
2022-11-23 02:27:21.719 | DEBUG    | my_cart.core.cart:__init__:41 - [<my_cart.core.calculator.Subtotal object at 0x7feb33a80b70>, <my_cart.core.calculator.Shipping object at 0x7feb33a809e8>, <my_cart.core.calculator.VAT object at 0x7feb33a9d7b8>]
2022-11-23 02:27:21.719 | DEBUG    | my_cart.core.cart:__init__:42 - [<my_cart.core.calculator.ShoesDiscount object at 0x7feb33a9d390>, <my_cart.core.calculator.JacketDiscount object at 0x7feb33a9df98>, <my_cart.core.calculator.ShippingDiscount object at 0x7feb33a9d898>]
