2022-11-22 22:57:43.356 | DEBUG    | my_cart.core.cart:__init__:19 - products:['T-shirt']
2022-11-22 22:57:43.356 | DEBUG    | my_cart.core.cart:__init__:20 - expense_calculators: None
2022-11-22 22:57:43.357 | DEBUG    | my_cart.core.cart:__init__:21 - discount_calculators: None
2022-11-22 22:57:43.357 | DEBUG    | my_cart.core.cart:__init__:35 - [<my_cart.core.calculator.Subtotal object at 0x7fc5348dc9b0>, <my_cart.core.calculator.Shipping object at 0x7fc5348dce48>, <my_cart.core.calculator.VAT object at 0x7fc5348dca90>]
2022-11-22 22:57:43.357 | DEBUG    | my_cart.core.cart:__init__:36 - [<my_cart.core.calculator.ShoesDiscount object at 0x7fc5348dce80>, <my_cart.core.calculator.JacketDiscount object at 0x7fc5348dceb8>, <my_cart.core.calculator.ShippingDiscount object at 0x7fc5348dcef0>]
2022-11-22 22:57:43.364 | DEBUG    | my_cart.core.cart:__init__:19 - products:['T-shirt']
2022-11-22 22:57:43.364 | DEBUG    | my_cart.core.cart:__init__:20 - expense_calculators: None
2022-11-22 22:57:43.365 | DEBUG    | my_cart.core.cart:__init__:21 - discount_calculators: ['a']
2022-11-22 22:57:43.366 | ERROR    | my_cart.core.cart:__init_calculator:65 - module 'my_cart.core.calculator' has no attribute 'a'
2022-11-22 22:57:43.367 | DEBUG    | my_cart.core.cart:__init__:19 - products:['T-shirt']
2022-11-22 22:57:43.367 | DEBUG    | my_cart.core.cart:__init__:20 - expense_calculators: ['a']
2022-11-22 22:57:43.367 | DEBUG    | my_cart.core.cart:__init__:21 - discount_calculators: None
2022-11-22 22:57:43.367 | ERROR    | my_cart.core.cart:__init_calculator:65 - module 'my_cart.core.calculator' has no attribute 'a'
2022-11-22 22:57:43.368 | DEBUG    | my_cart.core.cart:__init__:19 - products:['T-shirt']
2022-11-22 22:57:43.368 | DEBUG    | my_cart.core.cart:__init__:20 - expense_calculators: ['a']
2022-11-22 22:57:43.369 | DEBUG    | my_cart.core.cart:__init__:21 - discount_calculators: None
2022-11-22 22:57:43.369 | ERROR    | my_cart.core.cart:__init_calculator:65 - module 'my_cart.core.calculator' has no attribute 'a'
2022-11-22 22:57:43.371 | DEBUG    | my_cart.core.cart:__init__:19 - products:['T-shirt', 'K']
2022-11-22 22:57:43.371 | DEBUG    | my_cart.core.cart:__init__:20 - expense_calculators: None
2022-11-22 22:57:43.371 | DEBUG    | my_cart.core.cart:__init__:21 - discount_calculators: None
2022-11-22 22:57:43.372 | DEBUG    | my_cart.core.cart:__init__:19 - products:None
2022-11-22 22:57:43.372 | DEBUG    | my_cart.core.cart:__init__:20 - expense_calculators: None
2022-11-22 22:57:43.372 | DEBUG    | my_cart.core.cart:__init__:21 - discount_calculators: None
2022-11-22 22:57:43.373 | DEBUG    | my_cart.core.cart:__init__:19 - products:[]
2022-11-22 22:57:43.373 | DEBUG    | my_cart.core.cart:__init__:20 - expense_calculators: None
2022-11-22 22:57:43.373 | DEBUG    | my_cart.core.cart:__init__:21 - discount_calculators: None
2022-11-22 22:57:55.298 | DEBUG    | my_cart.core.cart:__init__:19 - products:['T-shirt']
2022-11-22 22:57:55.298 | DEBUG    | my_cart.core.cart:__init__:20 - expense_calculators: None
2022-11-22 22:57:55.298 | DEBUG    | my_cart.core.cart:__init__:21 - discount_calculators: None
2022-11-22 22:57:55.298 | DEBUG    | my_cart.core.cart:__init__:35 - [<my_cart.core.calculator.Subtotal object at 0x7fa77681d9e8>, <my_cart.core.calculator.Shipping object at 0x7fa77681de48>, <my_cart.core.calculator.VAT object at 0x7fa77681da20>]
2022-11-22 22:57:55.299 | DEBUG    | my_cart.core.cart:__init__:36 - [<my_cart.core.calculator.ShoesDiscount object at 0x7fa77681de80>, <my_cart.core.calculator.JacketDiscount object at 0x7fa77681deb8>, <my_cart.core.calculator.ShippingDiscount object at 0x7fa77681def0>]
2022-11-22 22:57:55.305 | DEBUG    | my_cart.core.cart:__init__:19 - products:['T-shirt']
2022-11-22 22:57:55.305 | DEBUG    | my_cart.core.cart:__init__:20 - expense_calculators: None
2022-11-22 22:57:55.305 | DEBUG    | my_cart.core.cart:__init__:21 - discount_calculators: ['a']
2022-11-22 22:57:55.305 | ERROR    | my_cart.core.cart:__init_calculator:65 - module 'my_cart.core.calculator' has no attribute 'a'
2022-11-22 22:57:55.305 | DEBUG    | my_cart.core.cart:__init__:19 - products:['T-shirt']
2022-11-22 22:57:55.306 | DEBUG    | my_cart.core.cart:__init__:20 - expense_calculators: ['a']
2022-11-22 22:57:55.306 | DEBUG    | my_cart.core.cart:__init__:21 - discount_calculators: None
2022-11-22 22:57:55.306 | ERROR    | my_cart.core.cart:__init_calculator:65 - module 'my_cart.core.calculator' has no attribute 'a'
2022-11-22 22:57:55.306 | DEBUG    | my_cart.core.cart:__init__:19 - products:['T-shirt', 'K']
2022-11-22 22:57:55.306 | DEBUG    | my_cart.core.cart:__init__:20 - expense_calculators: None
2022-11-22 22:57:55.307 | DEBUG    | my_cart.core.cart:__init__:21 - discount_calculators: None
2022-11-22 22:57:55.307 | DEBUG    | my_cart.core.cart:__init__:19 - products:None
2022-11-22 22:57:55.308 | DEBUG    | my_cart.core.cart:__init__:20 - expense_calculators: None
2022-11-22 22:57:55.308 | DEBUG    | my_cart.core.cart:__init__:21 - discount_calculators: None
2022-11-22 22:57:55.310 | DEBUG    | my_cart.core.cart:__init__:19 - products:[]
2022-11-22 22:57:55.310 | DEBUG    | my_cart.core.cart:__init__:20 - expense_calculators: None
2022-11-22 22:57:55.310 | DEBUG    | my_cart.core.cart:__init__:21 - discount_calculators: None
2022-11-22 22:58:43.064 | DEBUG    | my_cart.core.cart:__init__:19 - products:['T-shirt']
2022-11-22 22:58:43.064 | DEBUG    | my_cart.core.cart:__init__:20 - expense_calculators: None
2022-11-22 22:58:43.064 | DEBUG    | my_cart.core.cart:__init__:21 - discount_calculators: None
2022-11-22 22:58:43.065 | DEBUG    | my_cart.core.cart:__init__:35 - [<my_cart.core.calculator.Subtotal object at 0x7f949cfaab00>, <my_cart.core.calculator.Shipping object at 0x7f94a111c828>, <my_cart.core.calculator.VAT object at 0x7f94a111ce48>]
2022-11-22 22:58:43.065 | DEBUG    | my_cart.core.cart:__init__:36 - [<my_cart.core.calculator.ShoesDiscount object at 0x7f94a111cc88>, <my_cart.core.calculator.JacketDiscount object at 0x7f94a111ce80>, <my_cart.core.calculator.ShippingDiscount object at 0x7f94a111ceb8>]
2022-11-22 22:58:43.071 | DEBUG    | my_cart.core.cart:__init__:19 - products:['T-shirt']
2022-11-22 22:58:43.071 | DEBUG    | my_cart.core.cart:__init__:20 - expense_calculators: None
2022-11-22 22:58:43.071 | DEBUG    | my_cart.core.cart:__init__:21 - discount_calculators: ['a']
2022-11-22 22:58:43.071 | ERROR    | my_cart.core.cart:__init_calculator:65 - module 'my_cart.core.calculator' has no attribute 'a'
2022-11-22 22:58:43.072 | DEBUG    | my_cart.core.cart:__init__:19 - products:['T-shirt']
2022-11-22 22:58:43.072 | DEBUG    | my_cart.core.cart:__init__:20 - expense_calculators: ['a']
2022-11-22 22:58:43.072 | DEBUG    | my_cart.core.cart:__init__:21 - discount_calculators: None
2022-11-22 22:58:43.073 | ERROR    | my_cart.core.cart:__init_calculator:65 - module 'my_cart.core.calculator' has no attribute 'a'
2022-11-22 22:58:43.074 | DEBUG    | my_cart.core.cart:__init__:19 - products:['T-shirt', 'K']
2022-11-22 22:58:43.074 | DEBUG    | my_cart.core.cart:__init__:20 - expense_calculators: None
2022-11-22 22:58:43.074 | DEBUG    | my_cart.core.cart:__init__:21 - discount_calculators: None
2022-11-22 22:58:43.075 | DEBUG    | my_cart.core.cart:__init__:19 - products:None
2022-11-22 22:58:43.075 | DEBUG    | my_cart.core.cart:__init__:20 - expense_calculators: None
2022-11-22 22:58:43.075 | DEBUG    | my_cart.core.cart:__init__:21 - discount_calculators: None
2022-11-22 22:58:43.076 | DEBUG    | my_cart.core.cart:__init__:19 - products:[]
2022-11-22 22:58:43.076 | DEBUG    | my_cart.core.cart:__init__:20 - expense_calculators: None
2022-11-22 22:58:43.077 | DEBUG    | my_cart.core.cart:__init__:21 - discount_calculators: None
2022-11-22 23:35:40.699 | DEBUG    | my_cart.core.cart:__init__:19 - products:['T-shirt']
2022-11-22 23:35:40.700 | DEBUG    | my_cart.core.cart:__init__:20 - expense_calculators: None
2022-11-22 23:35:40.700 | DEBUG    | my_cart.core.cart:__init__:21 - discount_calculators: None
2022-11-22 23:35:40.701 | DEBUG    | my_cart.core.cart:__init__:35 - [<my_cart.core.calculator.Subtotal object at 0x7f9facb61e48>, <my_cart.core.calculator.Shipping object at 0x7f9facb61fd0>, <my_cart.core.calculator.VAT object at 0x7f9facb61e80>]
2022-11-22 23:35:40.701 | DEBUG    | my_cart.core.cart:__init__:36 - [<my_cart.core.calculator.ShoesDiscount object at 0x7f9facb61ef0>, <my_cart.core.calculator.JacketDiscount object at 0x7f9facb61e10>, <my_cart.core.calculator.ShippingDiscount object at 0x7f9facb61f28>]
2022-11-22 23:35:40.709 | DEBUG    | my_cart.core.cart:__init__:19 - products:['T-shirt']
2022-11-22 23:35:40.709 | DEBUG    | my_cart.core.cart:__init__:20 - expense_calculators: None
2022-11-22 23:35:40.710 | DEBUG    | my_cart.core.cart:__init__:21 - discount_calculators: ['a']
2022-11-22 23:35:40.710 | ERROR    | my_cart.core.cart:__init_calculator:65 - module 'my_cart.core.calculator' has no attribute 'a'
2022-11-22 23:35:40.710 | DEBUG    | my_cart.core.cart:__init__:19 - products:['T-shirt']
2022-11-22 23:35:40.710 | DEBUG    | my_cart.core.cart:__init__:20 - expense_calculators: ['a']
2022-11-22 23:35:40.711 | DEBUG    | my_cart.core.cart:__init__:21 - discount_calculators: None
2022-11-22 23:35:40.711 | ERROR    | my_cart.core.cart:__init_calculator:65 - module 'my_cart.core.calculator' has no attribute 'a'
2022-11-22 23:35:40.711 | DEBUG    | my_cart.core.cart:__init__:19 - products:['T-shirt', 'K']
2022-11-22 23:35:40.711 | DEBUG    | my_cart.core.cart:__init__:20 - expense_calculators: None
2022-11-22 23:35:40.711 | DEBUG    | my_cart.core.cart:__init__:21 - discount_calculators: None
2022-11-22 23:35:40.712 | DEBUG    | my_cart.core.cart:__init__:19 - products:None
2022-11-22 23:35:40.712 | DEBUG    | my_cart.core.cart:__init__:20 - expense_calculators: None
2022-11-22 23:35:40.712 | DEBUG    | my_cart.core.cart:__init__:21 - discount_calculators: None
2022-11-22 23:35:40.712 | DEBUG    | my_cart.core.cart:__init__:19 - products:[]
2022-11-22 23:35:40.712 | DEBUG    | my_cart.core.cart:__init__:20 - expense_calculators: None
2022-11-22 23:35:40.712 | DEBUG    | my_cart.core.cart:__init__:21 - discount_calculators: None
2022-11-22 23:36:03.817 | DEBUG    | my_cart.core.cart:__init__:19 - products:['T-shirt']
2022-11-22 23:36:03.817 | DEBUG    | my_cart.core.cart:__init__:20 - expense_calculators: None
2022-11-22 23:36:03.818 | DEBUG    | my_cart.core.cart:__init__:21 - discount_calculators: None
2022-11-22 23:36:03.818 | DEBUG    | my_cart.core.cart:__init__:35 - [<my_cart.core.calculator.Subtotal object at 0x7fd626a20f98>, <my_cart.core.calculator.Shipping object at 0x7fd626a3b128>, <my_cart.core.calculator.VAT object at 0x7fd626a3b470>]
2022-11-22 23:36:03.818 | DEBUG    | my_cart.core.cart:__init__:36 - [<my_cart.core.calculator.ShoesDiscount object at 0x7fd626a3b048>, <my_cart.core.calculator.JacketDiscount object at 0x7fd626a3b4e0>, <my_cart.core.calculator.ShippingDiscount object at 0x7fd626a3b518>]
2022-11-22 23:36:03.827 | DEBUG    | my_cart.core.cart:__init__:19 - products:['T-shirt']
2022-11-22 23:36:03.827 | DEBUG    | my_cart.core.cart:__init__:20 - expense_calculators: None
2022-11-22 23:36:03.828 | DEBUG    | my_cart.core.cart:__init__:21 - discount_calculators: ['a']
2022-11-22 23:36:03.828 | ERROR    | my_cart.core.cart:__init_calculator:65 - module 'my_cart.core.calculator' has no attribute 'a'
2022-11-22 23:36:03.828 | DEBUG    | my_cart.core.cart:__init__:19 - products:['T-shirt']
2022-11-22 23:36:03.828 | DEBUG    | my_cart.core.cart:__init__:20 - expense_calculators: ['a']
2022-11-22 23:36:03.828 | DEBUG    | my_cart.core.cart:__init__:21 - discount_calculators: None
2022-11-22 23:36:03.829 | ERROR    | my_cart.core.cart:__init_calculator:65 - module 'my_cart.core.calculator' has no attribute 'a'
2022-11-22 23:36:03.829 | DEBUG    | my_cart.core.cart:__init__:19 - products:['T-shirt', 'K']
2022-11-22 23:36:03.829 | DEBUG    | my_cart.core.cart:__init__:20 - expense_calculators: None
2022-11-22 23:36:03.829 | DEBUG    | my_cart.core.cart:__init__:21 - discount_calculators: None
2022-11-22 23:36:03.830 | DEBUG    | my_cart.core.cart:__init__:19 - products:None
2022-11-22 23:36:03.830 | DEBUG    | my_cart.core.cart:__init__:20 - expense_calculators: None
2022-11-22 23:36:03.830 | DEBUG    | my_cart.core.cart:__init__:21 - discount_calculators: None
2022-11-22 23:36:03.830 | DEBUG    | my_cart.core.cart:__init__:19 - products:[]
2022-11-22 23:36:03.830 | DEBUG    | my_cart.core.cart:__init__:20 - expense_calculators: None
2022-11-22 23:36:03.830 | DEBUG    | my_cart.core.cart:__init__:21 - discount_calculators: None
2022-11-22 23:38:40.631 | DEBUG    | my_cart.core.cart:__init__:19 - products:['T-shirt']
2022-11-22 23:38:40.631 | DEBUG    | my_cart.core.cart:__init__:20 - expense_calculators: None
2022-11-22 23:38:40.631 | DEBUG    | my_cart.core.cart:__init__:21 - discount_calculators: None
2022-11-22 23:38:40.632 | DEBUG    | my_cart.core.cart:__init__:35 - [<my_cart.core.calculator.Subtotal object at 0x7fdc650da4e0>, <my_cart.core.calculator.Shipping object at 0x7fdc650dab70>, <my_cart.core.calculator.VAT object at 0x7fdc650da5c0>]
2022-11-22 23:38:40.632 | DEBUG    | my_cart.core.cart:__init__:36 - [<my_cart.core.calculator.ShoesDiscount object at 0x7fdc650daba8>, <my_cart.core.calculator.JacketDiscount object at 0x7fdc650dabe0>, <my_cart.core.calculator.ShippingDiscount object at 0x7fdc650dac18>]
2022-11-22 23:39:27.954 | DEBUG    | my_cart.core.cart:__init__:19 - products:['T-shirt']
2022-11-22 23:39:27.954 | DEBUG    | my_cart.core.cart:__init__:20 - expense_calculators: None
2022-11-22 23:39:27.954 | DEBUG    | my_cart.core.cart:__init__:21 - discount_calculators: None
2022-11-22 23:39:27.955 | DEBUG    | my_cart.core.cart:__init__:35 - [<my_cart.core.calculator.Subtotal object at 0x7fdb218d5e10>, <my_cart.core.calculator.Shipping object at 0x7fdb218d57f0>, <my_cart.core.calculator.VAT object at 0x7fdb218d5e48>]
2022-11-22 23:39:27.955 | DEBUG    | my_cart.core.cart:__init__:36 - [<my_cart.core.calculator.ShoesDiscount object at 0x7fdb218d5e80>, <my_cart.core.calculator.JacketDiscount object at 0x7fdb218d5eb8>, <my_cart.core.calculator.ShippingDiscount object at 0x7fdb218d5ef0>]
2022-11-23 00:28:53.821 | DEBUG    | my_cart.core.cart:__init__:19 - products:['T-shirt', 'Blouse', 'Pants', 'Sweatpants', 'Jacket', 'Shoes']
2022-11-23 00:28:53.821 | DEBUG    | my_cart.core.cart:__init__:20 - expense_calculators: None
2022-11-23 00:28:53.821 | DEBUG    | my_cart.core.cart:__init__:21 - discount_calculators: None
2022-11-23 00:28:53.822 | ERROR    | my_cart.core.cart:create_cart:95 - Product 'Sweatpants' not in ['T-shirt', 'Blouse', 'Pants', 'Sweatpants', 'Jacket', 'Shoes'] range
2022-11-23 00:31:01.189 | DEBUG    | my_cart.core.cart:__init__:19 - products:['T-shirt', 'Blouse', 'Pants', 'Sweatpants', 'Jacket', 'Shoes']
2022-11-23 00:31:01.189 | DEBUG    | my_cart.core.cart:__init__:20 - expense_calculators: None
2022-11-23 00:31:01.189 | DEBUG    | my_cart.core.cart:__init__:21 - discount_calculators: None
2022-11-23 00:31:01.190 | DEBUG    | my_cart.core.cart:__init__:35 - [<my_cart.core.calculator.Subtotal object at 0x7fca9e0da5f8>, <my_cart.core.calculator.Shipping object at 0x7fca9e0da6d8>, <my_cart.core.calculator.VAT object at 0x7fca9e0dac50>]
2022-11-23 00:31:01.190 | DEBUG    | my_cart.core.cart:__init__:36 - [<my_cart.core.calculator.ShoesDiscount object at 0x7fca9e0dacc0>, <my_cart.core.calculator.JacketDiscount object at 0x7fca9e0dad68>, <my_cart.core.calculator.ShippingDiscount object at 0x7fca9e0da630>]
2022-11-23 00:34:06.323 | DEBUG    | my_cart.core.cart:__init__:19 - products:['aa']
2022-11-23 00:34:06.323 | DEBUG    | my_cart.core.cart:__init__:20 - expense_calculators: None
2022-11-23 00:34:06.324 | DEBUG    | my_cart.core.cart:__init__:21 - discount_calculators: None
2022-11-23 00:34:06.324 | ERROR    | my_cart.core.cart:create_cart:96 - Product 'aa' not in ['T-shirt', 'Blouse', 'Pants', 'Sweatpants', 'Jacket', 'Shoes'] range
2022-11-23 00:34:06.324 | ERROR    | test_cart:test_create_cart_error:38 - An error has been caught in function 'test_create_cart_error', process 'MainProcess' (54260), thread 'MainThread' (4686648832):
Traceback (most recent call last):

  File "/Users/cyouzhang/Project/Python/my_cart/my_cart/core/cart.py", line 56, in __init_products
    return [Product(product, **product_data[product]) for product in products]
            │                  │                                     └ ['aa']
            │                  └ {'T-shirt': {'price': 30.99, 'shipped_from': 'US', 'weight': 0.2}, 'Blouse': {'price': 10.99, 'shipped_from': 'UK', 'weight':...
            └ <class 'my_cart.core.product.Product'>

  File "/Users/cyouzhang/Project/Python/my_cart/my_cart/core/cart.py", line 56, in <listcomp>
    return [Product(product, **product_data[product]) for product in products]
            │       │          │            │             └ 'aa'
            │       │          │            └ 'aa'
            │       │          └ {'T-shirt': {'price': 30.99, 'shipped_from': 'US', 'weight': 0.2}, 'Blouse': {'price': 10.99, 'shipped_from': 'UK', 'weight':...
            │       └ 'aa'
            └ <class 'my_cart.core.product.Product'>

KeyError: 'aa'


During handling of the above exception, another exception occurred:


Traceback (most recent call last):

  File "/Users/cyouzhang/Project/Python/my_cart/my_cart/core/cart.py", line 91, in create_cart
    cart = Cart(products)
           │    └ ['aa']
           └ <class 'my_cart.core.cart.Cart'>

  File "/Users/cyouzhang/Project/Python/my_cart/my_cart/core/cart.py", line 23, in __init__
    self._products = self.__init_products(products)
    │                │                    └ ['aa']
    │                └ <my_cart.core.cart.Cart object at 0x7fd16c7d59e8>
    └ <my_cart.core.cart.Cart object at 0x7fd16c7d59e8>

  File "/Users/cyouzhang/Project/Python/my_cart/my_cart/core/cart.py", line 58, in __init_products
    raise ProductNotSupportError(product=e.args[0])
          └ <class 'my_cart.core.error.ProductNotSupportError'>

my_cart.core.error.ProductNotSupportError: Product 'aa' not in ['T-shirt', 'Blouse', 'Pants', 'Sweatpants', 'Jacket', 'Shoes'] range


During handling of the above exception, another exception occurred:


Traceback (most recent call last):

  File "/Applications/PyCharm CE.app/Contents/plugins/python-ce/helpers/pycharm/_jb_unittest_runner.py", line 35, in <module>
    main(argv=args, module=None, testRunner=unittestpy.TeamcityTestRunner, buffer=not JB_DISABLE_BUFFERING)
    │         │                             │          │                              └ False
    │         │                             │          └ <class 'teamcity.unittestpy.TeamcityTestRunner'>
    │         │                             └ <module 'teamcity.unittestpy' from '/Applications/PyCharm CE.app/Contents/plugins/python-ce/helpers/pycharm/teamcity/unittest...
    │         └ ['python -m unittest', 'test_cart.CartTestCase.test_create_cart_error']
    └ <class 'unittest.main.TestProgram'>

  File "/Library/Frameworks/Python.framework/Versions/3.7/lib/python3.7/unittest/main.py", line 101, in __init__
    self.runTests()
    │    └ <function TestProgram.runTests at 0x7fd1699e1378>
    └ <unittest.main.TestProgram object at 0x7fd169933b00>
  File "/Library/Frameworks/Python.framework/Versions/3.7/lib/python3.7/unittest/main.py", line 271, in runTests
    self.result = testRunner.run(self.test)
    │             │          │   │    └ <unittest.suite.TestSuite tests=[<unittest.suite.TestSuite tests=[<test_cart.CartTestCase testMethod=test_create_cart_error>]>]>
    │             │          │   └ <unittest.main.TestProgram object at 0x7fd169933b00>
    │             │          └ <function TeamcityTestRunner.run at 0x7fd169ff5730>
    │             └ <teamcity.unittestpy.TeamcityTestRunner object at 0x7fd16c08a5c0>
    └ <unittest.main.TestProgram object at 0x7fd169933b00>

  File "/Applications/PyCharm CE.app/Contents/plugins/python-ce/helpers/pycharm/teamcity/unittestpy.py", line 310, in run
    return super(TeamcityTestRunner, self).run(test)
                 │                   │         └ <unittest.suite.TestSuite tests=[<unittest.suite.TestSuite tests=[<test_cart.CartTestCase testMethod=test_create_cart_error>]>]>
                 │                   └ <teamcity.unittestpy.TeamcityTestRunner object at 0x7fd16c08a5c0>
                 └ <class 'teamcity.unittestpy.TeamcityTestRunner'>

  File "/Library/Frameworks/Python.framework/Versions/3.7/lib/python3.7/unittest/runner.py", line 176, in run
    test(result)
    │    └ <teamcity.unittestpy.TeamcityTestResult run=1 errors=0 failures=0>
    └ <unittest.suite.TestSuite tests=[<unittest.suite.TestSuite tests=[<test_cart.CartTestCase testMethod=test_create_cart_error>]>]>
  File "/Library/Frameworks/Python.framework/Versions/3.7/lib/python3.7/unittest/suite.py", line 84, in __call__
    return self.run(*args, **kwds)
           │    │    │       └ {}
           │    │    └ (<teamcity.unittestpy.TeamcityTestResult run=1 errors=0 failures=0>,)
           │    └ <function TestSuite.run at 0x7fd169f6b8c8>
           └ <unittest.suite.TestSuite tests=[<unittest.suite.TestSuite tests=[<test_cart.CartTestCase testMethod=test_create_cart_error>]>]>
  File "/Library/Frameworks/Python.framework/Versions/3.7/lib/python3.7/unittest/suite.py", line 122, in run
    test(result)
    │    └ <teamcity.unittestpy.TeamcityTestResult run=1 errors=0 failures=0>
    └ <unittest.suite.TestSuite tests=[<test_cart.CartTestCase testMethod=test_create_cart_error>]>
  File "/Library/Frameworks/Python.framework/Versions/3.7/lib/python3.7/unittest/suite.py", line 84, in __call__
    return self.run(*args, **kwds)
           │    │    │       └ {}
           │    │    └ (<teamcity.unittestpy.TeamcityTestResult run=1 errors=0 failures=0>,)
           │    └ <function TestSuite.run at 0x7fd169f6b8c8>
           └ <unittest.suite.TestSuite tests=[<test_cart.CartTestCase testMethod=test_create_cart_error>]>
  File "/Library/Frameworks/Python.framework/Versions/3.7/lib/python3.7/unittest/suite.py", line 122, in run
    test(result)
    │    └ <teamcity.unittestpy.TeamcityTestResult run=1 errors=0 failures=0>
    └ <test_cart.CartTestCase testMethod=test_create_cart_error>
  File "/Library/Frameworks/Python.framework/Versions/3.7/lib/python3.7/unittest/case.py", line 663, in __call__
    return self.run(*args, **kwds)
           │    │    │       └ {}
           │    │    └ (<teamcity.unittestpy.TeamcityTestResult run=1 errors=0 failures=0>,)
           │    └ <function TestCase.run at 0x7fd169f679d8>
           └ <test_cart.CartTestCase testMethod=test_create_cart_error>
  File "/Library/Frameworks/Python.framework/Versions/3.7/lib/python3.7/unittest/case.py", line 615, in run
    testMethod()
    └ <bound method CartTestCase.test_create_cart_error of <test_cart.CartTestCase testMethod=test_create_cart_error>>

> File "/Users/cyouzhang/Project/Python/my_cart/testcases/test_cart.py", line 38, in test_create_cart_error
    create_cart(["aa"])
    └ <function create_cart at 0x7fd16c7e0268>

  File "/Users/cyouzhang/Project/Python/my_cart/my_cart/core/cart.py", line 97, in create_cart
    return False, e.with_traceback()

TypeError: with_traceback() takes exactly one argument (0 given)
